Archive member included because of file (symbol)

lib/STM32F10x_StdPeriph_Driver/libstm32fw.a(misc.o)
                              thinnerclient.o (NVIC_Init)
lib/STM32F10x_StdPeriph_Driver/libstm32fw.a(stm32f10x_dma.o)
                              thinnerclient.o (DMA_DeInit)
lib/STM32F10x_StdPeriph_Driver/libstm32fw.a(stm32f10x_exti.o)
                              thinnerclient.o (EXTI_Init)
lib/STM32F10x_StdPeriph_Driver/libstm32fw.a(stm32f10x_gpio.o)
                              thinnerclient.o (GPIO_Init)
lib/STM32F10x_StdPeriph_Driver/libstm32fw.a(stm32f10x_rcc.o)
                              thinnerclient.o (RCC_AHBPeriphClockCmd)
lib/STM32F10x_StdPeriph_Driver/libstm32fw.a(stm32f10x_spi.o)
                              thinnerclient.o (SPI_Init)
lib/STM32F10x_StdPeriph_Driver/libstm32fw.a(stm32f10x_tim.o)
                              thinnerclient.o (TIM_TimeBaseInit)
lib/STM32F10x_StdPeriph_Driver/libstm32fw.a(stm32f10x_usart.o)
                              thinnerclient.o (USART_Cmd)
/arm/bin/../lib/gcc/arm-none-eabi/4.4.1/../../../../arm-none-eabi/lib/thumb2/libc.a(lib_a-atoi.o)
                              terminal.o (atoi)
/arm/bin/../lib/gcc/arm-none-eabi/4.4.1/../../../../arm-none-eabi/lib/thumb2/libc.a(lib_a-memcpy.o)
                              video.o (memcpy)
/arm/bin/../lib/gcc/arm-none-eabi/4.4.1/../../../../arm-none-eabi/lib/thumb2/libc.a(lib_a-memmove.o)
                              video.o (memmove)
/arm/bin/../lib/gcc/arm-none-eabi/4.4.1/../../../../arm-none-eabi/lib/thumb2/libc.a(lib_a-memset.o)
                              video.o (memset)
/arm/bin/../lib/gcc/arm-none-eabi/4.4.1/../../../../arm-none-eabi/lib/thumb2/libc.a(lib_a-strchr.o)
                              terminal.o (strchr)
/arm/bin/../lib/gcc/arm-none-eabi/4.4.1/../../../../arm-none-eabi/lib/thumb2/libc.a(lib_a-strlen.o)
                              video.o (strlen)
/arm/bin/../lib/gcc/arm-none-eabi/4.4.1/../../../../arm-none-eabi/lib/thumb2/libc.a(lib_a-strncpy.o)
                              video.o (strncpy)
/arm/bin/../lib/gcc/arm-none-eabi/4.4.1/../../../../arm-none-eabi/lib/thumb2/libc.a(lib_a-strtol.o)
                              /arm/bin/../lib/gcc/arm-none-eabi/4.4.1/../../../../arm-none-eabi/lib/thumb2/libc.a(lib_a-atoi.o) (_strtol_r)
/arm/bin/../lib/gcc/arm-none-eabi/4.4.1/../../../../arm-none-eabi/lib/thumb2/libc.a(lib_a-ctype_.o)
                              /arm/bin/../lib/gcc/arm-none-eabi/4.4.1/../../../../arm-none-eabi/lib/thumb2/libc.a(lib_a-strtol.o) (__ctype_ptr__)
/arm/bin/../lib/gcc/arm-none-eabi/4.4.1/../../../../arm-none-eabi/lib/thumb2/libc.a(lib_a-impure.o)
                              /arm/bin/../lib/gcc/arm-none-eabi/4.4.1/../../../../arm-none-eabi/lib/thumb2/libc.a(lib_a-strtol.o) (_impure_ptr)
/arm/bin/../lib/gcc/arm-none-eabi/4.4.1/thumb2/libgcc.a(_udivsi3.o)
                              /arm/bin/../lib/gcc/arm-none-eabi/4.4.1/../../../../arm-none-eabi/lib/thumb2/libc.a(lib_a-strtol.o) (__aeabi_uidiv)
/arm/bin/../lib/gcc/arm-none-eabi/4.4.1/thumb2/libgcc.a(_dvmd_tls.o)
                              /arm/bin/../lib/gcc/arm-none-eabi/4.4.1/thumb2/libgcc.a(_udivsi3.o) (__aeabi_idiv0)

Allocating common symbols
Common symbol       size              file

TIM_TimeBaseStructure
                    0xa               thinnerclient.o
tileMap             0x7d0             video.o
bufsize             0x1               thinnerclient.o
TIM_OCInitStructure
                    0x10              thinnerclient.o
bufhead             0x1               thinnerclient.o
GPIO_InitStructure  0x4               thinnerclient.o
SPI_InitStructure   0x12              thinnerclient.o
USART_InitStructure
                    0x10              thinnerclient.o
frameBuffer         0x3a20            thinnerclient.o
charbuf             0x20              thinnerclient.o
buf                 0xfe              thinnerclient.o
buftail             0x1               thinnerclient.o
NVIC_InitStructure  0x4               thinnerclient.o
EXTI_InitStructure  0x8               thinnerclient.o
DMA_InitStructure   0x2c              thinnerclient.o

Discarded input sections

 .text          0x00000000        0x0 /arm/bin/../lib/gcc/arm-none-eabi/4.4.1/thumb2/crti.o
 .bss           0x00000000        0x0 /arm/bin/../lib/gcc/arm-none-eabi/4.4.1/thumb2/crti.o
 .init          0x00000000        0x4 /arm/bin/../lib/gcc/arm-none-eabi/4.4.1/thumb2/crti.o
 .fini          0x00000000        0x4 /arm/bin/../lib/gcc/arm-none-eabi/4.4.1/thumb2/crti.o
 .text          0x00000000       0x30 /arm/bin/../lib/gcc/arm-none-eabi/4.4.1/thumb2/crtbegin.o
 .bss           0x00000000        0x1 /arm/bin/../lib/gcc/arm-none-eabi/4.4.1/thumb2/crtbegin.o
 .init_array    0x00000000        0x4 /arm/bin/../lib/gcc/arm-none-eabi/4.4.1/thumb2/crtbegin.o
 .fini_array    0x00000000        0x4 /arm/bin/../lib/gcc/arm-none-eabi/4.4.1/thumb2/crtbegin.o
 .jcr           0x00000000        0x0 /arm/bin/../lib/gcc/arm-none-eabi/4.4.1/thumb2/crtbegin.o
[...]
Memory Configuration

Name             Origin             Length             Attributes
RAM              0x20000000         0x00005000         xrw
FLASH            0x08000000         0x00020000         xr
*default*        0x00000000         0xffffffff

Linker script and memory map

LOAD /arm/bin/../lib/gcc/arm-none-eabi/4.4.1/thumb2/crti.o
LOAD /arm/bin/../lib/gcc/arm-none-eabi/4.4.1/thumb2/crtbegin.o
LOAD interrupts.o
LOAD lib/CMSIS_CM3/core_cm3.o
LOAD lib/CMSIS_CM3/startup/gcc/startup_stm32f10x_md.o
LOAD lib/CMSIS_CM3/system_stm32f10x.o
LOAD main.o
LOAD termconfig.o
LOAD terminal.o
LOAD thinnerclient.o
LOAD video.o
LOAD lib/STM32F10x_StdPeriph_Driver/libstm32fw.a
START GROUP
LOAD /arm/bin/../lib/gcc/arm-none-eabi/4.4.1/thumb2/libgcc.a
LOAD /arm/bin/../lib/gcc/arm-none-eabi/4.4.1/../../../../arm-none-eabi/lib/thumb2/libc.a
END GROUP
LOAD /arm/bin/../lib/gcc/arm-none-eabi/4.4.1/thumb2/crtend.o
LOAD /arm/bin/../lib/gcc/arm-none-eabi/4.4.1/thumb2/crtn.o
                0x00000400                __Stack_Size = 0x400
                0x00000400                PROVIDE (_Stack_Size, __Stack_Size)
                0x20004c00                __Stack_Init = (_estack - __Stack_Size)
                0x20004c00                PROVIDE (_Stack_Init, __Stack_Init)
                0x00000100                _Minimum_Stack_Size = 0x100
                0x20005000                _estack = 0x20005000

.isr_vector     0x08000000      0x10c
                0x08000000                . = ALIGN (0x4)
 *(.isr_vector)
 .isr_vector    0x08000000      0x10c lib/CMSIS_CM3/startup/gcc/startup_stm32f10x_md.o
                0x08000000                g_pfnVectors
                0x0800010c                . = ALIGN (0x4)

FLASH           0x0800010c      0x18c
                0x0800010c                . = ALIGN (0x4)
                0x0800010c                PROVIDE (__start_FLASH, ABSOLUTE (.))
 FLASH          0x0800010c      0x18c thinnerclient.o
                0x0800010c                codetable_extended
                0x08000190                codetable
                0x08000214                codetable_shifted
                0x08000298                PROVIDE (__stop_FLASH, .)

.flashtext      0x08000298        0x0
                0x08000298                . = ALIGN (0x4)
 *(.flashtext)
                0x08000298                . = ALIGN (0x4)

.text           0x08000298     0x560c
                0x08000298                . = ALIGN (0x4)
 *(.text)
 .text          0x08000298       0x24 interrupts.o
                0x08000298                NMI_Handler
                0x0800029c                HardFault_Handler
                0x080002a0                MemManage_Handler
                0x080002a4                BusFault_Handler
                0x080002a8                UsageFault_Handler
                0x080002ac                SVC_Handler
                0x080002b0                DebugMon_Handler
                0x080002b4                PendSV_Handler
                0x080002b8                SysTick_Handler
 .text          0x080002bc       0x78 main.o
                0x080002bc                main
 .text          0x08000334      0x550 termconfig.o
                0x08000334                cfg_param_name
                0x08000344                cfg_param_value
                0x08000368                cfg_param_value_str
                0x08000390                cfg_set_defaults
                0x080003f8                cfg_print_line
                0x080004f0                setup_leave
                0x080005f0                setup_redraw
                0x080006fc                setup_handle_key
                0x08000830                setup_start
 .text          0x08000884      0x790 terminal.o
                0x08000884                restore_term_state
                0x080008a4                save_term_state
                0x080008c4                reset_term
                0x080008d8                escseq_get_param
                0x08000914                escseq_csi_start
                0x08000944                escseq_process_csi
                0x08000cb8                escseq_process_noncsi
                0x08000db0                escseq_process
                0x08000df4                receive_char
                0x08000e84                uart_putchar
                0x08000eac                send_special_key
                0x08000ef0                send_newline
                0x08000f1c                uart_update
                0x08000f58                apply_config
                0x08000f8c                app_handle_key
                0x08000fe8                app_setup
 .text          0x08001014      0x898 thinnerclient.o
                0x08001014                waitForVsync
                0x08001024                Delay
                0x0800103c                fillFrameBuffer
                0x080010a0                decode
                0x080011e0                buffer_get_key
                0x08001224                key_buf_size
                0x08001230                buf_clear
                0x08001258                buf_enqueue
                0x08001294                buf_dequeue
                0x080012d4                buf_size
                0x080012e0                overclockSystemInit
                0x080013f4                DMA_Config
                0x08001450                TIM2_IRQHandler
                0x08001544                USART1_IRQHandler
                0x080015c8                EXTI9_5_IRQHandler
                0x08001638                EXTI_Config
                0x08001658                USART_Config
                0x080016a0                SPI_Config
                0x080016f0                NVIC_Config
                0x08001730                TIM_Config
                0x080017cc                GPIO_Config
                0x08001858                RCC_Config
                0x08001884                thinnerClientSetup
 .text          0x080018ac     0x1194 video.o
                0x080018dc                video_setup
                0x080018ec                sprinthex
                0x0800190c                filltileMap
                0x08001950                updateFrameBuffer
                0x08001f3c                video_top_margin
                0x08001f4c                video_bottom_margin
                0x08001f5c                video_set_reverse
                0x08001f70                video_movesol
                0x08001f88                video_setx
                0x08001fb4                video_gotoxy
                0x08002008                video_set_margins
                0x08002038                video_reset_margins
                0x08002040                video_movex
                0x08002074                video_movey
                0x080020b8                video_lback
                0x080020ec                video_cback
                0x08002134                video_getx
                0x08002144                video_gety
                0x08002154                video_charat
                0x08002168                video_putcxy
                0x0800219c                video_setc
                0x080021d4                video_show_cursor
                0x080021ec                video_hide_cursor
                0x08002204                video_cursor_visible
                0x08002218                video_invert_range
                0x08002274                _video_insertchar
                0x080022bc                video_insertchar
                0x080022d0                _video_deletechar
                0x08002314                video_deletechar
                0x080023a4                video_putc
                0x08002410                video_cfwd
                0x08002438                video_putc_raw
                0x08002490                video_lf
                0x080024c0                video_lfwd
                0x080024f4                video_scrollup
                0x08002508                video_eraseline
                0x080025a0                video_erase
                0x08002638                video_clreol
                0x08002664                video_clrline
                0x0800269c                video_clrscr
                0x080026d0                _video_deleteline
                0x08002738                video_deleteline
                0x0800274c                _video_insertline
                0x080027b4                video_insertline
                0x080027c8                video_scrolldown
                0x08002820                video_putline
                0x0800286c                video_putsxy
                0x080028fc                video_welcome
                0x0800297c                video_puts
                0x08002a00                puthex
 .text          0x08002a40       0xe0 lib/STM32F10x_StdPeriph_Driver/libstm32fw.a(misc.o)
                0x08002a40                NVIC_PriorityGroupConfig
                0x08002a54                NVIC_Init
                0x08002ac8                NVIC_SetVectorTable
                0x08002ae0                NVIC_SystemLPConfig
                0x08002b04                SysTick_CLKSourceConfig
 .text          0x08002b20      0x290 lib/STM32F10x_StdPeriph_Driver/libstm32fw.a(stm32f10x_dma.o)
                0x08002b20                DMA_DeInit
                0x08002c9c                DMA_Init
                0x08002ce0                DMA_StructInit
                0x08002cfc                DMA_Cmd
                0x08002d14                DMA_ITConfig
                0x08002d28                DMA_GetCurrDataCounter
                0x08002d30                DMA_GetFlagStatus
                0x08002d54                DMA_ClearFlag
                0x08002d70                DMA_GetITStatus
                0x08002d94                DMA_ClearITPendingBit
 .text          0x08002db0      0x110 lib/STM32F10x_StdPeriph_Driver/libstm32fw.a(stm32f10x_exti.o)
                0x08002db0                EXTI_DeInit
                0x08002dd0                EXTI_Init
                0x08002e50                EXTI_StructInit
                0x08002e60                EXTI_GenerateSWInterrupt
                0x08002e74                EXTI_GetFlagStatus
                0x08002e88                EXTI_ClearFlag
                0x08002e94                EXTI_GetITStatus
                0x08002eb4                EXTI_ClearITPendingBit
 .text          0x08002ec0      0x53c lib/STM32F10x_StdPeriph_Driver/libstm32fw.a(stm32f10x_gpio.o)
                0x08002ec0                GPIO_Init
                0x080031b8                GPIO_StructInit
                0x080031c8                GPIO_ReadInputDataBit
                0x080031d4                GPIO_ReadInputData
                0x080031dc                GPIO_ReadOutputDataBit
                0x080031e8                GPIO_ReadOutputData
                0x080031f0                GPIO_SetBits
                0x080031f4                GPIO_ResetBits
                0x080031f8                GPIO_WriteBit
                0x08003204                GPIO_Write
                0x08003208                GPIO_PinLockConfig
                0x08003218                GPIO_EventOutputConfig
                0x08003240                GPIO_EventOutputCmd
                0x0800324c                GPIO_PinRemapConfig
                0x080032b8                GPIO_EXTILineConfig
                0x080032f0                GPIO_ETH_MediaInterfaceConfig
                0x080032fc                GPIO_AFIODeInit
                0x08003314                GPIO_DeInit
 .text          0x080033fc      0x3fc lib/STM32F10x_StdPeriph_Driver/libstm32fw.a(stm32f10x_rcc.o)
                0x080033fc                RCC_DeInit
                0x08003440                RCC_HSEConfig
                0x08003478                RCC_WaitForHSEStartUp
                0x080034b0                RCC_AdjustHSICalibrationValue
                0x080034c8                RCC_HSICmd
                0x080034d4                RCC_PLLConfig
                0x080034ec                RCC_PLLCmd
                0x080034f8                RCC_SYSCLKConfig
                0x08003510                RCC_GetSYSCLKSource
                0x08003520                RCC_HCLKConfig
                0x08003538                RCC_PCLK1Config
                0x08003550                RCC_PCLK2Config
                0x08003568                RCC_ITConfig
                0x08003590                RCC_USBCLKConfig
                0x0800359c                RCC_ADCCLKConfig
                0x080035b4                RCC_LSEConfig
                0x080035d4                RCC_LSICmd
                0x080035e0                RCC_RTCCLKConfig
                0x080035f4                RCC_RTCCLKCmd
                0x08003600                RCC_GetClocksFreq
                0x080036b0                RCC_AHBPeriphClockCmd
                0x080036d4                RCC_APB2PeriphClockCmd
                0x080036f8                RCC_APB1PeriphClockCmd
                0x0800371c                RCC_APB2PeriphResetCmd
                0x08003740                RCC_APB1PeriphResetCmd
                0x08003764                RCC_BackupResetCmd
                0x08003770                RCC_ClockSecuritySystemCmd
                0x0800377c                RCC_MCOConfig
                0x08003788                RCC_GetFlagStatus
                0x080037c4                RCC_ClearFlag
                0x080037d8                RCC_GetITStatus
                0x080037ec                RCC_ClearITPendingBit
 .text          0x080037f8      0x35c lib/STM32F10x_StdPeriph_Driver/libstm32fw.a(stm32f10x_spi.o)
                0x080037f8                SPI_Init
                0x08003844                SPI_StructInit
                0x08003860                I2S_StructInit
                0x08003874                SPI_Cmd
                0x08003894                I2S_Cmd
                0x080038b4                SPI_I2S_ITConfig
                0x080038dc                SPI_I2S_DMACmd
                0x080038f8                SPI_I2S_SendData
                0x080038fc                SPI_I2S_ReceiveData
                0x08003904                SPI_NSSInternalSoftwareConfig
                0x08003920                SPI_SSOutputCmd
                0x08003940                SPI_DataSizeConfig
                0x08003960                SPI_TransmitCRC
                0x0800396c                SPI_CalculateCRC
                0x0800398c                SPI_GetCRC
                0x0800399c                SPI_GetCRCPolynomial
                0x080039a4                SPI_BiDirectionalLineConfig
                0x080039c4                SPI_I2S_GetFlagStatus
                0x080039d0                SPI_I2S_ClearFlag
                0x080039d8                SPI_I2S_GetITStatus
                0x08003a04                SPI_I2S_ClearITPendingBit
                0x08003a18                I2S_Init
                0x08003ae4                SPI_I2S_DeInit
 .text          0x08003b54      0xf6c lib/STM32F10x_StdPeriph_Driver/libstm32fw.a(stm32f10x_tim.o)
                0x08003b54                TIM_TimeBaseInit
                0x08003bb0                TIM_OC1Init
                0x08003c70                TIM_OC2Init
                0x08003d38                TIM_OC3Init
                0x08003dfc                TIM_OC4Init
                0x08003e9c                TIM_ICInit
                0x08004034                TIM_PWMIConfig
                0x080041d8                TIM_BDTRConfig
                0x08004208                TIM_TimeBaseStructInit
                0x0800421c                TIM_OCStructInit
                0x08004230                TIM_ICStructInit
                0x08004244                TIM_BDTRStructInit
                0x08004258                TIM_Cmd
                0x08004278                TIM_CtrlPWMOutputs
                0x08004298                TIM_ITConfig
                0x080042b4                TIM_GenerateEvent
                0x080042b8                TIM_DMAConfig
                0x080042c0                TIM_DMACmd
                0x080042dc                TIM_InternalClockConfig
                0x080042ec                TIM_ITRxExternalClockConfig
                0x0800430c                TIM_TIxExternalClockConfig
                0x080043b8                TIM_ETRClockMode1Config
                0x080043e4                TIM_ETRClockMode2Config
                0x0800440c                TIM_ETRConfig
                0x0800442c                TIM_PrescalerConfig
                0x08004434                TIM_CounterModeConfig
                0x08004448                TIM_SelectInputTrigger
                0x0800445c                TIM_EncoderInterfaceConfig
                0x080044a8                TIM_ForcedOC1Config
                0x080044bc                TIM_ForcedOC2Config
                0x080044d4                TIM_ForcedOC3Config
                0x080044e8                TIM_ForcedOC4Config
                0x08004500                TIM_ARRPreloadConfig
                0x08004520                TIM_SelectCOM
                0x08004540                TIM_SelectCCDMA
                0x08004560                TIM_CCPreloadControl
                0x08004580                TIM_OC1PreloadConfig
                0x08004594                TIM_OC2PreloadConfig
                0x080045ac                TIM_OC3PreloadConfig
                0x080045c0                TIM_OC4PreloadConfig
                0x080045d8                TIM_OC1FastConfig
                0x080045ec                TIM_OC2FastConfig
                0x08004604                TIM_OC3FastConfig
                0x08004618                TIM_OC4FastConfig
                0x08004630                TIM_ClearOC1Ref
                0x08004644                TIM_ClearOC2Ref
                0x08004654                TIM_ClearOC3Ref
                0x08004668                TIM_ClearOC4Ref
                0x08004678                TIM_OC1PolarityConfig
                0x0800468c                TIM_OC1NPolarityConfig
                0x080046a0                TIM_OC2PolarityConfig
                0x080046b8                TIM_OC2NPolarityConfig
                0x080046d0                TIM_OC3PolarityConfig
                0x080046e8                TIM_OC3NPolarityConfig
                0x08004700                TIM_OC4PolarityConfig
                0x08004718                TIM_CCxCmd
                0x08004734                TIM_CCxNCmd
                0x08004750                TIM_SelectOCxM
                0x080047c0                TIM_UpdateDisableConfig
                0x080047e0                TIM_UpdateRequestConfig
                0x08004800                TIM_SelectHallSensor
                0x08004820                TIM_SelectOnePulseMode
                0x08004840                TIM_SelectOutputTrigger
                0x08004860                TIM_SelectSlaveMode
                0x08004880                TIM_SelectMasterSlaveMode
                0x080048a0                TIM_SetCounter
                0x080048a4                TIM_SetAutoreload
                0x080048a8                TIM_SetCompare1
                0x080048ac                TIM_SetCompare2
                0x080048b0                TIM_SetCompare3
                0x080048b4                TIM_SetCompare4
                0x080048bc                TIM_SetIC1Prescaler
                0x080048dc                TIM_SetIC2Prescaler
                0x080048fc                TIM_SetIC3Prescaler
                0x0800491c                TIM_SetIC4Prescaler
                0x0800493c                TIM_SetClockDivision
                0x08004954                TIM_GetCapture1
                0x0800495c                TIM_GetCapture2
                0x08004964                TIM_GetCapture3
                0x0800496c                TIM_GetCapture4
                0x08004974                TIM_GetCounter
                0x0800497c                TIM_GetPrescaler
                0x08004984                TIM_GetFlagStatus
                0x08004990                TIM_ClearFlag
                0x08004998                TIM_GetITStatus
                0x080049b0                TIM_ClearITPendingBit
                0x080049b8                TIM_DeInit
 .text          0x08004ac0      0x424 lib/STM32F10x_StdPeriph_Driver/libstm32fw.a(stm32f10x_usart.o)
                0x08004ac0                USART_StructInit
                0x08004ad8                USART_ClockInit
                0x08004b04                USART_ClockStructInit
                0x08004b10                USART_Cmd
                0x08004b30                USART_ITConfig
                0x08004b68                USART_DMACmd
                0x08004b84                USART_SetAddress
                0x08004ba4                USART_WakeUpConfig
                0x08004bc4                USART_ReceiverWakeUpCmd
                0x08004be4                USART_LINBreakDetectLengthConfig
                0x08004c04                USART_LINCmd
                0x08004c24                USART_SendData
                0x08004c2c                USART_ReceiveData
                0x08004c34                USART_SendBreak
                0x08004c40                USART_SetGuardTime
                0x08004c58                USART_SetPrescaler
                0x08004c70                USART_SmartCardCmd
                0x08004c90                USART_SmartCardNACKCmd
                0x08004cb0                USART_HalfDuplexCmd
                0x08004cd0                USART_IrDAConfig
                0x08004cf0                USART_IrDACmd
                0x08004d10                USART_GetFlagStatus
                0x08004d1c                USART_ClearFlag
                0x08004d24                USART_GetITStatus
                0x08004d78                USART_ClearITPendingBit
                0x08004d88                USART_Init
                0x08004e2c                USART_DeInit
 *fill*         0x08004ee4        0x4 00
 .text          0x08004ee8      0x278 /arm/bin/../lib/gcc/arm-none-eabi/4.4.1/thumb2/libgcc.a(_udivsi3.o)
                0x08004ee8                __udivsi3
                0x08004ee8                __aeabi_uidiv
                0x08005144                __aeabi_uidivmod
 .text          0x08005160        0x4 /arm/bin/../lib/gcc/arm-none-eabi/4.4.1/thumb2/libgcc.a(_dvmd_tls.o)
                0x08005160                __aeabi_ldiv0
                0x08005160                __aeabi_idiv0
 *(.text.*)
 .text.Reset_Handler
                0x08005164       0x40 lib/CMSIS_CM3/startup/gcc/startup_stm32f10x_md.o
                0x08005164                Reset_Handler
 .text.Default_Handler
                0x080051a4        0x2 lib/CMSIS_CM3/startup/gcc/startup_stm32f10x_md.o
                0x080051a4                USBWakeUp_IRQHandler
                0x080051a4                TIM1_CC_IRQHandler
                0x080051a4                PVD_IRQHandler
                0x080051a4                EXTI3_IRQHandler
                0x080051a4                EXTI0_IRQHandler
                0x080051a4                I2C2_EV_IRQHandler
                0x080051a4                ADC1_2_IRQHandler
                0x080051a4                SPI1_IRQHandler
                0x080051a4                TAMPER_IRQHandler
                0x080051a4                DMA1_Channel4_IRQHandler
                0x080051a4                USART3_IRQHandler
                0x080051a4                RTC_IRQHandler
                0x080051a4                DMA1_Channel7_IRQHandler
                0x080051a4                CAN1_RX1_IRQHandler
                0x080051a4                TIM4_IRQHandler
                0x080051a4                I2C1_EV_IRQHandler
                0x080051a4                DMA1_Channel6_IRQHandler
                0x080051a4                TIM3_IRQHandler
                0x080051a4                RCC_IRQHandler
                0x080051a4                TIM1_TRG_COM_IRQHandler
                0x080051a4                DMA1_Channel1_IRQHandler
                0x080051a4                Default_Handler
                0x080051a4                EXTI15_10_IRQHandler
                0x080051a4                SPI2_IRQHandler
                0x080051a4                DMA1_Channel5_IRQHandler
                0x080051a4                EXTI4_IRQHandler
                0x080051a4                USB_LP_CAN1_RX0_IRQHandler
                0x080051a4                USB_HP_CAN1_TX_IRQHandler
                0x080051a4                DMA1_Channel3_IRQHandler
                0x080051a4                TIM1_UP_IRQHandler
                0x080051a4                WWDG_IRQHandler
                0x080051a4                TIM1_BRK_IRQHandler
                0x080051a4                EXTI1_IRQHandler
                0x080051a4                RTCAlarm_IRQHandler
                0x080051a4                USART2_IRQHandler
                0x080051a4                I2C2_ER_IRQHandler
                0x080051a4                DMA1_Channel2_IRQHandler
                0x080051a4                CAN1_SCE_IRQHandler
                0x080051a4                FLASH_IRQHandler
                0x080051a4                I2C1_ER_IRQHandler
                0x080051a4                EXTI2_IRQHandler
 .text.atoi     0x080051a6        0x8 /arm/bin/../lib/gcc/arm-none-eabi/4.4.1/../../../../arm-none-eabi/lib/thumb2/libc.a(lib_a-atoi.o)
                0x080051a6                atoi
 .text.memcpy   0x080051ae       0x1a /arm/bin/../lib/gcc/arm-none-eabi/4.4.1/../../../../arm-none-eabi/lib/thumb2/libc.a(lib_a-memcpy.o)
                0x080051ae                memcpy
 .text.memmove  0x080051c8       0x3a /arm/bin/../lib/gcc/arm-none-eabi/4.4.1/../../../../arm-none-eabi/lib/thumb2/libc.a(lib_a-memmove.o)
                0x080051c8                memmove
 .text.memset   0x08005202       0x12 /arm/bin/../lib/gcc/arm-none-eabi/4.4.1/../../../../arm-none-eabi/lib/thumb2/libc.a(lib_a-memset.o)
                0x08005202                memset
 .text.strchr   0x08005214       0x18 /arm/bin/../lib/gcc/arm-none-eabi/4.4.1/../../../../arm-none-eabi/lib/thumb2/libc.a(lib_a-strchr.o)
                0x08005214                strchr
 .text.strlen   0x0800522c       0x10 /arm/bin/../lib/gcc/arm-none-eabi/4.4.1/../../../../arm-none-eabi/lib/thumb2/libc.a(lib_a-strlen.o)
                0x0800522c                strlen
 .text.strncpy  0x0800523c       0x30 /arm/bin/../lib/gcc/arm-none-eabi/4.4.1/../../../../arm-none-eabi/lib/thumb2/libc.a(lib_a-strncpy.o)
                0x0800523c                strncpy
 .text._strtol_r
                0x0800526c      0x124 /arm/bin/../lib/gcc/arm-none-eabi/4.4.1/../../../../arm-none-eabi/lib/thumb2/libc.a(lib_a-strtol.o)
                0x0800526c                _strtol_r
 .text.strtol   0x08005390       0x1c /arm/bin/../lib/gcc/arm-none-eabi/4.4.1/../../../../arm-none-eabi/lib/thumb2/libc.a(lib_a-strtol.o)
                0x08005390                strtol
 *(.rodata)
 .rodata        0x080053ac      0x260 termconfig.o
                0x080053cc                p_baudrate
                0x08005414                p_databits
                0x0800545c                p_parity
                0x080054a4                p_stopbits
                0x080054ec                p_enterchar
                0x08005534                p_localecho
                0x0800557c                p_escseqs
                0x080055c4                p_revvideo
 .rodata        0x0800560c       0x58 terminal.o
 .rodata        0x08005664       0x28 video.o
 *(.rodata*)
 .rodata.str1.4
                0x0800568c       0x67 termconfig.o
                                 0x68 (size before relaxing)
 *fill*         0x080056f3        0x1 00
 .rodata.str1.4
                0x080056f4       0x85 terminal.o
                                 0x88 (size before relaxing)
 *fill*         0x08005779        0x3 00
 .rodata.str1.4
                0x0800577c       0x20 video.o
 .rodata._ctype_
                0x0800579c      0x104 /arm/bin/../lib/gcc/arm-none-eabi/4.4.1/../../../../arm-none-eabi/lib/thumb2/libc.a(lib_a-ctype_.o)
                0x0800579c                _ctype_
 .rodata.str1.1
                0x080058a0        0x2 /arm/bin/../lib/gcc/arm-none-eabi/4.4.1/../../../../arm-none-eabi/lib/thumb2/libc.a(lib_a-impure.o)
 *(.glue_7)
 .glue_7        0x00000000        0x0 linker stubs
 *(.glue_7t)
 .glue_7t       0x00000000        0x0 linker stubs
                0x080058a4                . = ALIGN (0x4)
 *fill*         0x080058a2        0x2 00
                0x080058a4                _etext = .
                0x080058a4                _sidata = _etext

.vfp11_veneer   0x080058a4        0x0
 .vfp11_veneer  0x00000000        0x0 linker stubs

.v4_bx          0x080058a4        0x0
 .v4_bx         0x00000000        0x0 linker stubs

.data           0x20000000      0x918 load address 0x080058a4
                0x20000000                . = ALIGN (0x4)
                0x20000000                _sdata = .
 *(.data)
 .data          0x20000000        0x0 /arm/bin/../lib/gcc/arm-none-eabi/4.4.1/thumb2/crti.o
 .data          0x20000000        0x4 /arm/bin/../lib/gcc/arm-none-eabi/4.4.1/thumb2/crtbegin.o
                0x20000000                __dso_handle
 .data          0x20000004        0x0 interrupts.o
 .data          0x20000004        0x0 lib/CMSIS_CM3/core_cm3.o
 .data          0x20000004        0x0 lib/CMSIS_CM3/startup/gcc/startup_stm32f10x_md.o
 .data          0x20000004        0x0 lib/CMSIS_CM3/system_stm32f10x.o
 .data          0x20000004      0x800 main.o
                0x20000004                Font6x8
 .data          0x20000804        0x0 termconfig.o
 .data          0x20000804        0x0 terminal.o
 .data          0x20000804        0x4 thinnerclient.o
                0x20000806                CCR2_Val
 .data          0x20000808        0x0 video.o
 .data          0x20000808        0x0 lib/STM32F10x_StdPeriph_Driver/libstm32fw.a(misc.o)
 .data          0x20000808        0x0 lib/STM32F10x_StdPeriph_Driver/libstm32fw.a(stm32f10x_dma.o)
 .data          0x20000808        0x0 lib/STM32F10x_StdPeriph_Driver/libstm32fw.a(stm32f10x_exti.o)
 .data          0x20000808        0x0 lib/STM32F10x_StdPeriph_Driver/libstm32fw.a(stm32f10x_gpio.o)
 .data          0x20000808       0x14 lib/STM32F10x_StdPeriph_Driver/libstm32fw.a(stm32f10x_rcc.o)
 .data          0x2000081c        0x0 lib/STM32F10x_StdPeriph_Driver/libstm32fw.a(stm32f10x_spi.o)
 .data          0x2000081c        0x0 lib/STM32F10x_StdPeriph_Driver/libstm32fw.a(stm32f10x_tim.o)
 .data          0x2000081c        0x0 lib/STM32F10x_StdPeriph_Driver/libstm32fw.a(stm32f10x_usart.o)
 .data          0x2000081c        0x0 /arm/bin/../lib/gcc/arm-none-eabi/4.4.1/../../../../arm-none-eabi/lib/thumb2/libc.a(lib_a-atoi.o)
 .data          0x2000081c        0x0 /arm/bin/../lib/gcc/arm-none-eabi/4.4.1/../../../../arm-none-eabi/lib/thumb2/libc.a(lib_a-memcpy.o)
 .data          0x2000081c        0x0 /arm/bin/../lib/gcc/arm-none-eabi/4.4.1/../../../../arm-none-eabi/lib/thumb2/libc.a(lib_a-memmove.o)
 .data          0x2000081c        0x0 /arm/bin/../lib/gcc/arm-none-eabi/4.4.1/../../../../arm-none-eabi/lib/thumb2/libc.a(lib_a-memset.o)
 .data          0x2000081c        0x0 /arm/bin/../lib/gcc/arm-none-eabi/4.4.1/../../../../arm-none-eabi/lib/thumb2/libc.a(lib_a-strchr.o)
 .data          0x2000081c        0x0 /arm/bin/../lib/gcc/arm-none-eabi/4.4.1/../../../../arm-none-eabi/lib/thumb2/libc.a(lib_a-strlen.o)
 .data          0x2000081c        0x0 /arm/bin/../lib/gcc/arm-none-eabi/4.4.1/../../../../arm-none-eabi/lib/thumb2/libc.a(lib_a-strncpy.o)
 .data          0x2000081c        0x0 /arm/bin/../lib/gcc/arm-none-eabi/4.4.1/../../../../arm-none-eabi/lib/thumb2/libc.a(lib_a-strtol.o)
 .data          0x2000081c        0x0 /arm/bin/../lib/gcc/arm-none-eabi/4.4.1/../../../../arm-none-eabi/lib/thumb2/libc.a(lib_a-ctype_.o)
 .data          0x2000081c        0x0 /arm/bin/../lib/gcc/arm-none-eabi/4.4.1/../../../../arm-none-eabi/lib/thumb2/libc.a(lib_a-impure.o)
 .data          0x2000081c        0x0 /arm/bin/../lib/gcc/arm-none-eabi/4.4.1/thumb2/libgcc.a(_udivsi3.o)
 .data          0x2000081c        0x0 /arm/bin/../lib/gcc/arm-none-eabi/4.4.1/thumb2/libgcc.a(_dvmd_tls.o)
 .data          0x2000081c        0x0 /arm/bin/../lib/gcc/arm-none-eabi/4.4.1/thumb2/crtend.o
 .data          0x2000081c        0x0 /arm/bin/../lib/gcc/arm-none-eabi/4.4.1/thumb2/crtn.o
 *(.data.*)
 .data.__ctype_ptr__
                0x2000081c        0x4 /arm/bin/../lib/gcc/arm-none-eabi/4.4.1/../../../../arm-none-eabi/lib/thumb2/libc.a(lib_a-ctype_.o)
                0x2000081c                __ctype_ptr__
 .data.__ctype_ptr
                0x20000820        0x4 /arm/bin/../lib/gcc/arm-none-eabi/4.4.1/../../../../arm-none-eabi/lib/thumb2/libc.a(lib_a-ctype_.o)
                0x20000820                __ctype_ptr
 .data.impure_data
                0x20000824       0xf0 /arm/bin/../lib/gcc/arm-none-eabi/4.4.1/../../../../arm-none-eabi/lib/thumb2/libc.a(lib_a-impure.o)
 .data._impure_ptr
                0x20000914        0x4 /arm/bin/../lib/gcc/arm-none-eabi/4.4.1/../../../../arm-none-eabi/lib/thumb2/libc.a(lib_a-impure.o)
                0x20000914                _impure_ptr
                0x20000918                . = ALIGN (0x4)
                0x20000918                _edata = .

.bss            0x20000918     0x4484 load address 0x080061bc
                0x20000918                . = ALIGN (0x4)
                0x20000918                _sbss = .
 *(.bss)
 .bss           0x20000918       0x88 termconfig.o
 .bss           0x200009a0       0x54 terminal.o
 .bss           0x200009f4       0x10 thinnerclient.o
                0x200009f4                lineCount
                0x200009f9                charbufsize
                0x200009fa                charbuftail
                0x200009fb                charbufhead
                0x200009fe                PrescalerValue
                0x20000a00                charCounter
 .bss           0x20000a04        0x6 video.o
 *(COMMON)
 *fill*         0x20000a0a        0x2 00
 COMMON         0x20000a0c     0x3bc0 thinnerclient.o
                0x20000a0c                TIM_TimeBaseStructure
                0x20000a16                bufsize
                0x20000a18                TIM_OCInitStructure
                0x20000a28                bufhead
                0x20000a2c                GPIO_InitStructure
                0x20000a30                SPI_InitStructure
                0x20000a44                USART_InitStructure
                0x20000a54                frameBuffer
                0x20004474                charbuf
                0x20004494                buf
                0x20004592                buftail
                0x20004594                NVIC_InitStructure
                0x20004598                EXTI_InitStructure
                0x200045a0                DMA_InitStructure
 COMMON         0x200045cc      0x7d0 video.o
                0x200045cc                tileMap
                0x20004d9c                . = ALIGN (0x4)
                0x20004d9c                _ebss = .
                0x20004d9c                PROVIDE (end, _ebss)
                0x20004d9c                PROVIDE (_end, _ebss)

._usrstack      0x20004d9c      0x100 load address 0x0800a640
                0x20004d9c                . = ALIGN (0x4)
                0x20004d9c                _susrstack = .
                0x20004e9c                . = (. + _Minimum_Stack_Size)
 *fill*         0x20004d9c      0x100 00
                0x20004e9c                . = ALIGN (0x4)
                0x20004e9c                _eusrstack = .

DISCARD
 libc.a(*)
 libm.a(*)
 libgcc.a(*)

.stab
 *(.stab)

.stabstr
 *(.stabstr)

.stab.excl
 *(.stab.excl)

.stab.exclstr
 *(.stab.exclstr)

.stab.index
 *(.stab.index)

.stab.indexstr
 *(.stab.indexstr)

.ARM.attributes
                0x00000000       0x25
 .ARM.attributes
                0x00000000       0x19 /arm/bin/../lib/gcc/arm-none-eabi/4.4.1/thumb2/crti.o
 .ARM.attributes
                0x00000019       0x29 /arm/bin/../lib/gcc/arm-none-eabi/4.4.1/thumb2/crtbegin.o
 .ARM.attributes
                0x00000042       0x31 interrupts.o
 .ARM.attributes
                0x00000073       0x31 lib/CMSIS_CM3/core_cm3.o
 .ARM.attributes
                0x000000a4       0x21 lib/CMSIS_CM3/startup/gcc/startup_stm32f10x_md.o
 .ARM.attributes
                0x000000c5       0x31 lib/CMSIS_CM3/system_stm32f10x.o
 .ARM.attributes
                0x000000f6       0x31 main.o
 .ARM.attributes
                0x00000127       0x31 termconfig.o
 .ARM.attributes
                0x00000158       0x31 terminal.o
 .ARM.attributes
                0x00000189       0x31 thinnerclient.o
 .ARM.attributes
                0x000001ba       0x31 video.o
 .ARM.attributes
                0x000001eb       0x31 lib/STM32F10x_StdPeriph_Driver/libstm32fw.a(misc.o)
 .ARM.attributes
                0x0000021c       0x31 lib/STM32F10x_StdPeriph_Driver/libstm32fw.a(stm32f10x_dma.o)
 .ARM.attributes
                0x0000024d       0x31 lib/STM32F10x_StdPeriph_Driver/libstm32fw.a(stm32f10x_exti.o)
 .ARM.attributes
                0x0000027e       0x31 lib/STM32F10x_StdPeriph_Driver/libstm32fw.a(stm32f10x_gpio.o)
 .ARM.attributes
                0x000002af       0x31 lib/STM32F10x_StdPeriph_Driver/libstm32fw.a(stm32f10x_rcc.o)
 .ARM.attributes
                0x000002e0       0x31 lib/STM32F10x_StdPeriph_Driver/libstm32fw.a(stm32f10x_spi.o)
 .ARM.attributes
                0x00000311       0x31 lib/STM32F10x_StdPeriph_Driver/libstm32fw.a(stm32f10x_tim.o)
 .ARM.attributes
                0x00000342       0x31 lib/STM32F10x_StdPeriph_Driver/libstm32fw.a(stm32f10x_usart.o)
 .ARM.attributes
                0x00000373       0x29 /arm/bin/../lib/gcc/arm-none-eabi/4.4.1/../../../../arm-none-eabi/lib/thumb2/libc.a(lib_a-atoi.o)
 .ARM.attributes
                0x0000039c       0x29 /arm/bin/../lib/gcc/arm-none-eabi/4.4.1/../../../../arm-none-eabi/lib/thumb2/libc.a(lib_a-memcpy.o)
 .ARM.attributes
                0x000003c5       0x29 /arm/bin/../lib/gcc/arm-none-eabi/4.4.1/../../../../arm-none-eabi/lib/thumb2/libc.a(lib_a-memmove.o)
 .ARM.attributes
                0x000003ee       0x29 /arm/bin/../lib/gcc/arm-none-eabi/4.4.1/../../../../arm-none-eabi/lib/thumb2/libc.a(lib_a-memset.o)
 .ARM.attributes
                0x00000417       0x29 /arm/bin/../lib/gcc/arm-none-eabi/4.4.1/../../../../arm-none-eabi/lib/thumb2/libc.a(lib_a-strchr.o)
 .ARM.attributes
                0x00000440       0x29 /arm/bin/../lib/gcc/arm-none-eabi/4.4.1/../../../../arm-none-eabi/lib/thumb2/libc.a(lib_a-strlen.o)
 .ARM.attributes
                0x00000469       0x29 /arm/bin/../lib/gcc/arm-none-eabi/4.4.1/../../../../arm-none-eabi/lib/thumb2/libc.a(lib_a-strncpy.o)
 .ARM.attributes
                0x00000492       0x29 /arm/bin/../lib/gcc/arm-none-eabi/4.4.1/../../../../arm-none-eabi/lib/thumb2/libc.a(lib_a-strtol.o)
 .ARM.attributes
                0x000004bb       0x29 /arm/bin/../lib/gcc/arm-none-eabi/4.4.1/../../../../arm-none-eabi/lib/thumb2/libc.a(lib_a-ctype_.o)
 .ARM.attributes
                0x000004e4       0x29 /arm/bin/../lib/gcc/arm-none-eabi/4.4.1/../../../../arm-none-eabi/lib/thumb2/libc.a(lib_a-impure.o)
 .ARM.attributes
                0x0000050d       0x1b /arm/bin/../lib/gcc/arm-none-eabi/4.4.1/thumb2/libgcc.a(_udivsi3.o)
 .ARM.attributes
                0x00000528       0x1b /arm/bin/../lib/gcc/arm-none-eabi/4.4.1/thumb2/libgcc.a(_dvmd_tls.o)
 .ARM.attributes
                0x00000543       0x29 /arm/bin/../lib/gcc/arm-none-eabi/4.4.1/thumb2/crtend.o
 .ARM.attributes
                0x0000056c       0x19 /arm/bin/../lib/gcc/arm-none-eabi/4.4.1/thumb2/crtn.o

.comment        0x00000000      0x1f8
 *(.comment)
 .comment       0x00000000       0x12 /arm/bin/../lib/gcc/arm-none-eabi/4.4.1/thumb2/crtbegin.o
 .comment       0x00000012       0x12 interrupts.o
 .comment       0x00000024       0x12 lib/CMSIS_CM3/core_cm3.o
 .comment       0x00000036       0x12 lib/CMSIS_CM3/system_stm32f10x.o
 .comment       0x00000048       0x12 main.o
 .comment       0x0000005a       0x12 termconfig.o
 .comment       0x0000006c       0x12 terminal.o
 .comment       0x0000007e       0x12 thinnerclient.o
 .comment       0x00000090       0x12 video.o
 .comment       0x000000a2       0x12 lib/STM32F10x_StdPeriph_Driver/libstm32fw.a(misc.o)
 .comment       0x000000b4       0x12 lib/STM32F10x_StdPeriph_Driver/libstm32fw.a(stm32f10x_dma.o)
 .comment       0x000000c6       0x12 lib/STM32F10x_StdPeriph_Driver/libstm32fw.a(stm32f10x_exti.o)
 .comment       0x000000d8       0x12 lib/STM32F10x_StdPeriph_Driver/libstm32fw.a(stm32f10x_gpio.o)
 .comment       0x000000ea       0x12 lib/STM32F10x_StdPeriph_Driver/libstm32fw.a(stm32f10x_rcc.o)
 .comment       0x000000fc       0x12 lib/STM32F10x_StdPeriph_Driver/libstm32fw.a(stm32f10x_spi.o)
 .comment       0x0000010e       0x12 lib/STM32F10x_StdPeriph_Driver/libstm32fw.a(stm32f10x_tim.o)
 .comment       0x00000120       0x12 lib/STM32F10x_StdPeriph_Driver/libstm32fw.a(stm32f10x_usart.o)
 .comment       0x00000132       0x12 /arm/bin/../lib/gcc/arm-none-eabi/4.4.1/../../../../arm-none-eabi/lib/thumb2/libc.a(lib_a-atoi.o)
 .comment       0x00000144       0x12 /arm/bin/../lib/gcc/arm-none-eabi/4.4.1/../../../../arm-none-eabi/lib/thumb2/libc.a(lib_a-memcpy.o)
 .comment       0x00000156       0x12 /arm/bin/../lib/gcc/arm-none-eabi/4.4.1/../../../../arm-none-eabi/lib/thumb2/libc.a(lib_a-memmove.o)
 .comment       0x00000168       0x12 /arm/bin/../lib/gcc/arm-none-eabi/4.4.1/../../../../arm-none-eabi/lib/thumb2/libc.a(lib_a-memset.o)
 .comment       0x0000017a       0x12 /arm/bin/../lib/gcc/arm-none-eabi/4.4.1/../../../../arm-none-eabi/lib/thumb2/libc.a(lib_a-strchr.o)
 .comment       0x0000018c       0x12 /arm/bin/../lib/gcc/arm-none-eabi/4.4.1/../../../../arm-none-eabi/lib/thumb2/libc.a(lib_a-strlen.o)
 .comment       0x0000019e       0x12 /arm/bin/../lib/gcc/arm-none-eabi/4.4.1/../../../../arm-none-eabi/lib/thumb2/libc.a(lib_a-strncpy.o)
 .comment       0x000001b0       0x12 /arm/bin/../lib/gcc/arm-none-eabi/4.4.1/../../../../arm-none-eabi/lib/thumb2/libc.a(lib_a-strtol.o)
 .comment       0x000001c2       0x12 /arm/bin/../lib/gcc/arm-none-eabi/4.4.1/../../../../arm-none-eabi/lib/thumb2/libc.a(lib_a-ctype_.o)
 .comment       0x000001d4       0x12 /arm/bin/../lib/gcc/arm-none-eabi/4.4.1/../../../../arm-none-eabi/lib/thumb2/libc.a(lib_a-impure.o)
 .comment       0x000001e6       0x12 /arm/bin/../lib/gcc/arm-none-eabi/4.4.1/thumb2/crtend.o

.debug
 *(.debug)

.line
 *(.line)

.debug_srcinfo
 *(.debug_srcinfo)

.debug_sfnames
 *(.debug_sfnames)

.debug_aranges  0x00000000       0x90
 *(.debug_aranges)
 .debug_aranges
                0x00000000       0x28 /arm/bin/../lib/gcc/arm-none-eabi/4.4.1/thumb2/crti.o
 .debug_aranges
                0x00000028       0x20 /arm/bin/../lib/gcc/arm-none-eabi/4.4.1/thumb2/libgcc.a(_udivsi3.o)
 .debug_aranges
                0x00000048       0x20 /arm/bin/../lib/gcc/arm-none-eabi/4.4.1/thumb2/libgcc.a(_dvmd_tls.o)
 .debug_aranges
                0x00000068       0x28 /arm/bin/../lib/gcc/arm-none-eabi/4.4.1/thumb2/crtn.o

.debug_pubnames
 *(.debug_pubnames)

.debug_info     0x00000000      0x29e
 *(.debug_info .gnu.linkonce.wi.*)
 .debug_info    0x00000000       0x8f /arm/bin/../lib/gcc/arm-none-eabi/4.4.1/thumb2/crti.o
 .debug_info    0x0000008f       0xc0 /arm/bin/../lib/gcc/arm-none-eabi/4.4.1/thumb2/libgcc.a(_udivsi3.o)
 .debug_info    0x0000014f       0xc0 /arm/bin/../lib/gcc/arm-none-eabi/4.4.1/thumb2/libgcc.a(_dvmd_tls.o)
 .debug_info    0x0000020f       0x8f /arm/bin/../lib/gcc/arm-none-eabi/4.4.1/thumb2/crtn.o

.debug_abbrev   0x00000000       0x4c
 *(.debug_abbrev)
 .debug_abbrev  0x00000000       0x12 /arm/bin/../lib/gcc/arm-none-eabi/4.4.1/thumb2/crti.o
 .debug_abbrev  0x00000012       0x14 /arm/bin/../lib/gcc/arm-none-eabi/4.4.1/thumb2/libgcc.a(_udivsi3.o)
 .debug_abbrev  0x00000026       0x14 /arm/bin/../lib/gcc/arm-none-eabi/4.4.1/thumb2/libgcc.a(_dvmd_tls.o)
 .debug_abbrev  0x0000003a       0x12 /arm/bin/../lib/gcc/arm-none-eabi/4.4.1/thumb2/crtn.o

.debug_line     0x00000000      0x1ee
 *(.debug_line)
 .debug_line    0x00000000       0x6f /arm/bin/../lib/gcc/arm-none-eabi/4.4.1/thumb2/crti.o
 .debug_line    0x0000006f       0x98 /arm/bin/../lib/gcc/arm-none-eabi/4.4.1/thumb2/libgcc.a(_udivsi3.o)
 .debug_line    0x00000107       0x75 /arm/bin/../lib/gcc/arm-none-eabi/4.4.1/thumb2/libgcc.a(_dvmd_tls.o)
 .debug_line    0x0000017c       0x72 /arm/bin/../lib/gcc/arm-none-eabi/4.4.1/thumb2/crtn.o

.debug_frame    0x00000000       0x20
 *(.debug_frame)
 .debug_frame   0x00000000       0x20 /arm/bin/../lib/gcc/arm-none-eabi/4.4.1/thumb2/libgcc.a(_udivsi3.o)

.debug_str
 *(.debug_str)

.debug_loc
 *(.debug_loc)

.debug_macinfo
 *(.debug_macinfo)

.debug_weaknames
 *(.debug_weaknames)

.debug_funcnames
 *(.debug_funcnames)

.debug_typenames
 *(.debug_typenames)

.debug_varnames
 *(.debug_varnames)
OUTPUT(main.elf elf32-littlearm)

.debug_ranges   0x00000000       0x40
 .debug_ranges  0x00000000       0x20 /arm/bin/../lib/gcc/arm-none-eabi/4.4.1/thumb2/crti.o
 .debug_ranges  0x00000020       0x20 /arm/bin/../lib/gcc/arm-none-eabi/4.4.1/thumb2/crtn.o

Cross Reference Table

Symbol                                            File
ADC1_2_IRQHandler                                 lib/CMSIS_CM3/startup/gcc/startup_stm32f10x_md.o
BusFault_Handler                                  interrupts.o
CAN1_RX1_IRQHandler                               lib/CMSIS_CM3/startup/gcc/startup_stm32f10x_md.o
CAN1_SCE_IRQHandler                               lib/CMSIS_CM3/startup/gcc/startup_stm32f10x_md.o
CCR2_Val                                          thinnerclient.o
DMA1_Channel1_IRQHandler                          lib/CMSIS_CM3/startup/gcc/startup_stm32f10x_md.o
DMA1_Channel2_IRQHandler                          lib/CMSIS_CM3/startup/gcc/startup_stm32f10x_md.o
DMA1_Channel3_IRQHandler                          lib/CMSIS_CM3/startup/gcc/startup_stm32f10x_md.o
DMA1_Channel4_IRQHandler                          lib/CMSIS_CM3/startup/gcc/startup_stm32f10x_md.o
DMA1_Channel5_IRQHandler                          lib/CMSIS_CM3/startup/gcc/startup_stm32f10x_md.o
DMA1_Channel6_IRQHandler                          lib/CMSIS_CM3/startup/gcc/startup_stm32f10x_md.o
DMA1_Channel7_IRQHandler                          lib/CMSIS_CM3/startup/gcc/startup_stm32f10x_md.o
DMA_ClearFlag                                     lib/STM32F10x_StdPeriph_Driver/libstm32fw.a(stm32f10x_dma.o)
DMA_ClearITPendingBit                             lib/STM32F10x_StdPeriph_Driver/libstm32fw.a(stm32f10x_dma.o)
DMA_Cmd                                           lib/STM32F10x_StdPeriph_Driver/libstm32fw.a(stm32f10x_dma.o)
                                                  thinnerclient.o
DMA_Config                                        thinnerclient.o
DMA_DeInit                                        lib/STM32F10x_StdPeriph_Driver/libstm32fw.a(stm32f10x_dma.o)
                                                  thinnerclient.o
DMA_GetCurrDataCounter                            lib/STM32F10x_StdPeriph_Driver/libstm32fw.a(stm32f10x_dma.o)
DMA_GetFlagStatus                                 lib/STM32F10x_StdPeriph_Driver/libstm32fw.a(stm32f10x_dma.o)
DMA_GetITStatus                                   lib/STM32F10x_StdPeriph_Driver/libstm32fw.a(stm32f10x_dma.o)
DMA_ITConfig                                      lib/STM32F10x_StdPeriph_Driver/libstm32fw.a(stm32f10x_dma.o)
DMA_Init                                          lib/STM32F10x_StdPeriph_Driver/libstm32fw.a(stm32f10x_dma.o)
                                                  thinnerclient.o
DMA_InitStructure                                 thinnerclient.o
DMA_StructInit                                    lib/STM32F10x_StdPeriph_Driver/libstm32fw.a(stm32f10x_dma.o)
DebugMon_Handler                                  interrupts.o
Default_Handler                                   lib/CMSIS_CM3/startup/gcc/startup_stm32f10x_md.o
Delay                                             thinnerclient.o
EXTI0_IRQHandler                                  lib/CMSIS_CM3/startup/gcc/startup_stm32f10x_md.o
EXTI15_10_IRQHandler                              lib/CMSIS_CM3/startup/gcc/startup_stm32f10x_md.o
EXTI1_IRQHandler                                  lib/CMSIS_CM3/startup/gcc/startup_stm32f10x_md.o
EXTI2_IRQHandler                                  lib/CMSIS_CM3/startup/gcc/startup_stm32f10x_md.o
EXTI3_IRQHandler                                  lib/CMSIS_CM3/startup/gcc/startup_stm32f10x_md.o
EXTI4_IRQHandler                                  lib/CMSIS_CM3/startup/gcc/startup_stm32f10x_md.o
EXTI9_5_IRQHandler                                thinnerclient.o
                                                  lib/CMSIS_CM3/startup/gcc/startup_stm32f10x_md.o
EXTI_ClearFlag                                    lib/STM32F10x_StdPeriph_Driver/libstm32fw.a(stm32f10x_exti.o)
                                                  thinnerclient.o
EXTI_ClearITPendingBit                            lib/STM32F10x_StdPeriph_Driver/libstm32fw.a(stm32f10x_exti.o)
EXTI_Config                                       thinnerclient.o
EXTI_DeInit                                       lib/STM32F10x_StdPeriph_Driver/libstm32fw.a(stm32f10x_exti.o)
EXTI_GenerateSWInterrupt                          lib/STM32F10x_StdPeriph_Driver/libstm32fw.a(stm32f10x_exti.o)
EXTI_GetFlagStatus                                lib/STM32F10x_StdPeriph_Driver/libstm32fw.a(stm32f10x_exti.o)
EXTI_GetITStatus                                  lib/STM32F10x_StdPeriph_Driver/libstm32fw.a(stm32f10x_exti.o)
EXTI_Init                                         lib/STM32F10x_StdPeriph_Driver/libstm32fw.a(stm32f10x_exti.o)
                                                  thinnerclient.o
EXTI_InitStructure                                thinnerclient.o
EXTI_StructInit                                   lib/STM32F10x_StdPeriph_Driver/libstm32fw.a(stm32f10x_exti.o)
FLASH_IRQHandler                                  lib/CMSIS_CM3/startup/gcc/startup_stm32f10x_md.o
Font6x8                                           main.o
GPIO_AFIODeInit                                   lib/STM32F10x_StdPeriph_Driver/libstm32fw.a(stm32f10x_gpio.o)
GPIO_Config                                       thinnerclient.o
GPIO_DeInit                                       lib/STM32F10x_StdPeriph_Driver/libstm32fw.a(stm32f10x_gpio.o)
GPIO_ETH_MediaInterfaceConfig                     lib/STM32F10x_StdPeriph_Driver/libstm32fw.a(stm32f10x_gpio.o)
GPIO_EXTILineConfig                               lib/STM32F10x_StdPeriph_Driver/libstm32fw.a(stm32f10x_gpio.o)
                                                  thinnerclient.o
GPIO_EventOutputCmd                               lib/STM32F10x_StdPeriph_Driver/libstm32fw.a(stm32f10x_gpio.o)
GPIO_EventOutputConfig                            lib/STM32F10x_StdPeriph_Driver/libstm32fw.a(stm32f10x_gpio.o)
GPIO_Init                                         lib/STM32F10x_StdPeriph_Driver/libstm32fw.a(stm32f10x_gpio.o)
                                                  thinnerclient.o
GPIO_InitStructure                                thinnerclient.o
GPIO_PinLockConfig                                lib/STM32F10x_StdPeriph_Driver/libstm32fw.a(stm32f10x_gpio.o)
GPIO_PinRemapConfig                               lib/STM32F10x_StdPeriph_Driver/libstm32fw.a(stm32f10x_gpio.o)
GPIO_ReadInputData                                lib/STM32F10x_StdPeriph_Driver/libstm32fw.a(stm32f10x_gpio.o)
GPIO_ReadInputDataBit                             lib/STM32F10x_StdPeriph_Driver/libstm32fw.a(stm32f10x_gpio.o)
                                                  thinnerclient.o
GPIO_ReadOutputData                               lib/STM32F10x_StdPeriph_Driver/libstm32fw.a(stm32f10x_gpio.o)
GPIO_ReadOutputDataBit                            lib/STM32F10x_StdPeriph_Driver/libstm32fw.a(stm32f10x_gpio.o)
GPIO_ResetBits                                    lib/STM32F10x_StdPeriph_Driver/libstm32fw.a(stm32f10x_gpio.o)
                                                  thinnerclient.o
GPIO_SetBits                                      lib/STM32F10x_StdPeriph_Driver/libstm32fw.a(stm32f10x_gpio.o)
GPIO_StructInit                                   lib/STM32F10x_StdPeriph_Driver/libstm32fw.a(stm32f10x_gpio.o)
GPIO_Write                                        lib/STM32F10x_StdPeriph_Driver/libstm32fw.a(stm32f10x_gpio.o)
GPIO_WriteBit                                     lib/STM32F10x_StdPeriph_Driver/libstm32fw.a(stm32f10x_gpio.o)
HardFault_Handler                                 interrupts.o
I2C1_ER_IRQHandler                                lib/CMSIS_CM3/startup/gcc/startup_stm32f10x_md.o
I2C1_EV_IRQHandler                                lib/CMSIS_CM3/startup/gcc/startup_stm32f10x_md.o
I2C2_ER_IRQHandler                                lib/CMSIS_CM3/startup/gcc/startup_stm32f10x_md.o
I2C2_EV_IRQHandler                                lib/CMSIS_CM3/startup/gcc/startup_stm32f10x_md.o
I2S_Cmd                                           lib/STM32F10x_StdPeriph_Driver/libstm32fw.a(stm32f10x_spi.o)
I2S_Init                                          lib/STM32F10x_StdPeriph_Driver/libstm32fw.a(stm32f10x_spi.o)
I2S_StructInit                                    lib/STM32F10x_StdPeriph_Driver/libstm32fw.a(stm32f10x_spi.o)
MemManage_Handler                                 interrupts.o
NMI_Handler                                       interrupts.o
NVIC_Config                                       thinnerclient.o
NVIC_Init                                         lib/STM32F10x_StdPeriph_Driver/libstm32fw.a(misc.o)
                                                  thinnerclient.o
NVIC_InitStructure                                thinnerclient.o
NVIC_PriorityGroupConfig                          lib/STM32F10x_StdPeriph_Driver/libstm32fw.a(misc.o)
NVIC_SetVectorTable                               lib/STM32F10x_StdPeriph_Driver/libstm32fw.a(misc.o)
NVIC_SystemLPConfig                               lib/STM32F10x_StdPeriph_Driver/libstm32fw.a(misc.o)
PVD_IRQHandler                                    lib/CMSIS_CM3/startup/gcc/startup_stm32f10x_md.o
PendSV_Handler                                    interrupts.o
PrescalerValue                                    thinnerclient.o
RCC_ADCCLKConfig                                  lib/STM32F10x_StdPeriph_Driver/libstm32fw.a(stm32f10x_rcc.o)
RCC_AHBPeriphClockCmd                             lib/STM32F10x_StdPeriph_Driver/libstm32fw.a(stm32f10x_rcc.o)
                                                  thinnerclient.o
RCC_APB1PeriphClockCmd                            lib/STM32F10x_StdPeriph_Driver/libstm32fw.a(stm32f10x_rcc.o)
                                                  thinnerclient.o
RCC_APB1PeriphResetCmd                            lib/STM32F10x_StdPeriph_Driver/libstm32fw.a(stm32f10x_rcc.o)
                                                  lib/STM32F10x_StdPeriph_Driver/libstm32fw.a(stm32f10x_usart.o)
                                                  lib/STM32F10x_StdPeriph_Driver/libstm32fw.a(stm32f10x_tim.o)
                                                  lib/STM32F10x_StdPeriph_Driver/libstm32fw.a(stm32f10x_spi.o)
RCC_APB2PeriphClockCmd                            lib/STM32F10x_StdPeriph_Driver/libstm32fw.a(stm32f10x_rcc.o)
                                                  thinnerclient.o
RCC_APB2PeriphResetCmd                            lib/STM32F10x_StdPeriph_Driver/libstm32fw.a(stm32f10x_rcc.o)
                                                  lib/STM32F10x_StdPeriph_Driver/libstm32fw.a(stm32f10x_usart.o)
                                                  lib/STM32F10x_StdPeriph_Driver/libstm32fw.a(stm32f10x_tim.o)
                                                  lib/STM32F10x_StdPeriph_Driver/libstm32fw.a(stm32f10x_spi.o)
                                                  lib/STM32F10x_StdPeriph_Driver/libstm32fw.a(stm32f10x_gpio.o)
RCC_AdjustHSICalibrationValue                     lib/STM32F10x_StdPeriph_Driver/libstm32fw.a(stm32f10x_rcc.o)
RCC_BackupResetCmd                                lib/STM32F10x_StdPeriph_Driver/libstm32fw.a(stm32f10x_rcc.o)
RCC_ClearFlag                                     lib/STM32F10x_StdPeriph_Driver/libstm32fw.a(stm32f10x_rcc.o)
RCC_ClearITPendingBit                             lib/STM32F10x_StdPeriph_Driver/libstm32fw.a(stm32f10x_rcc.o)
RCC_ClockSecuritySystemCmd                        lib/STM32F10x_StdPeriph_Driver/libstm32fw.a(stm32f10x_rcc.o)
RCC_Config                                        thinnerclient.o
RCC_DeInit                                        lib/STM32F10x_StdPeriph_Driver/libstm32fw.a(stm32f10x_rcc.o)
RCC_GetClocksFreq                                 lib/STM32F10x_StdPeriph_Driver/libstm32fw.a(stm32f10x_rcc.o)
                                                  lib/STM32F10x_StdPeriph_Driver/libstm32fw.a(stm32f10x_usart.o)
                                                  lib/STM32F10x_StdPeriph_Driver/libstm32fw.a(stm32f10x_spi.o)
RCC_GetFlagStatus                                 lib/STM32F10x_StdPeriph_Driver/libstm32fw.a(stm32f10x_rcc.o)
RCC_GetITStatus                                   lib/STM32F10x_StdPeriph_Driver/libstm32fw.a(stm32f10x_rcc.o)
RCC_GetSYSCLKSource                               lib/STM32F10x_StdPeriph_Driver/libstm32fw.a(stm32f10x_rcc.o)
RCC_HCLKConfig                                    lib/STM32F10x_StdPeriph_Driver/libstm32fw.a(stm32f10x_rcc.o)
RCC_HSEConfig                                     lib/STM32F10x_StdPeriph_Driver/libstm32fw.a(stm32f10x_rcc.o)
RCC_HSICmd                                        lib/STM32F10x_StdPeriph_Driver/libstm32fw.a(stm32f10x_rcc.o)
RCC_IRQHandler                                    lib/CMSIS_CM3/startup/gcc/startup_stm32f10x_md.o
RCC_ITConfig                                      lib/STM32F10x_StdPeriph_Driver/libstm32fw.a(stm32f10x_rcc.o)
RCC_LSEConfig                                     lib/STM32F10x_StdPeriph_Driver/libstm32fw.a(stm32f10x_rcc.o)
RCC_LSICmd                                        lib/STM32F10x_StdPeriph_Driver/libstm32fw.a(stm32f10x_rcc.o)
RCC_MCOConfig                                     lib/STM32F10x_StdPeriph_Driver/libstm32fw.a(stm32f10x_rcc.o)
RCC_PCLK1Config                                   lib/STM32F10x_StdPeriph_Driver/libstm32fw.a(stm32f10x_rcc.o)
RCC_PCLK2Config                                   lib/STM32F10x_StdPeriph_Driver/libstm32fw.a(stm32f10x_rcc.o)
RCC_PLLCmd                                        lib/STM32F10x_StdPeriph_Driver/libstm32fw.a(stm32f10x_rcc.o)
RCC_PLLConfig                                     lib/STM32F10x_StdPeriph_Driver/libstm32fw.a(stm32f10x_rcc.o)
RCC_RTCCLKCmd                                     lib/STM32F10x_StdPeriph_Driver/libstm32fw.a(stm32f10x_rcc.o)
RCC_RTCCLKConfig                                  lib/STM32F10x_StdPeriph_Driver/libstm32fw.a(stm32f10x_rcc.o)
RCC_SYSCLKConfig                                  lib/STM32F10x_StdPeriph_Driver/libstm32fw.a(stm32f10x_rcc.o)
RCC_USBCLKConfig                                  lib/STM32F10x_StdPeriph_Driver/libstm32fw.a(stm32f10x_rcc.o)
RCC_WaitForHSEStartUp                             lib/STM32F10x_StdPeriph_Driver/libstm32fw.a(stm32f10x_rcc.o)
RTCAlarm_IRQHandler                               lib/CMSIS_CM3/startup/gcc/startup_stm32f10x_md.o
RTC_IRQHandler                                    lib/CMSIS_CM3/startup/gcc/startup_stm32f10x_md.o
Reset_Handler                                     lib/CMSIS_CM3/startup/gcc/startup_stm32f10x_md.o
SPI1_IRQHandler                                   lib/CMSIS_CM3/startup/gcc/startup_stm32f10x_md.o
SPI2_IRQHandler                                   lib/CMSIS_CM3/startup/gcc/startup_stm32f10x_md.o
SPI_BiDirectionalLineConfig                       lib/STM32F10x_StdPeriph_Driver/libstm32fw.a(stm32f10x_spi.o)
SPI_CalculateCRC                                  lib/STM32F10x_StdPeriph_Driver/libstm32fw.a(stm32f10x_spi.o)
SPI_Cmd                                           lib/STM32F10x_StdPeriph_Driver/libstm32fw.a(stm32f10x_spi.o)
                                                  thinnerclient.o
SPI_Config                                        thinnerclient.o
SPI_DataSizeConfig                                lib/STM32F10x_StdPeriph_Driver/libstm32fw.a(stm32f10x_spi.o)
SPI_GetCRC                                        lib/STM32F10x_StdPeriph_Driver/libstm32fw.a(stm32f10x_spi.o)
SPI_GetCRCPolynomial                              lib/STM32F10x_StdPeriph_Driver/libstm32fw.a(stm32f10x_spi.o)
SPI_I2S_ClearFlag                                 lib/STM32F10x_StdPeriph_Driver/libstm32fw.a(stm32f10x_spi.o)
SPI_I2S_ClearITPendingBit                         lib/STM32F10x_StdPeriph_Driver/libstm32fw.a(stm32f10x_spi.o)
SPI_I2S_DMACmd                                    lib/STM32F10x_StdPeriph_Driver/libstm32fw.a(stm32f10x_spi.o)
                                                  thinnerclient.o
SPI_I2S_DeInit                                    lib/STM32F10x_StdPeriph_Driver/libstm32fw.a(stm32f10x_spi.o)
SPI_I2S_GetFlagStatus                             lib/STM32F10x_StdPeriph_Driver/libstm32fw.a(stm32f10x_spi.o)
SPI_I2S_GetITStatus                               lib/STM32F10x_StdPeriph_Driver/libstm32fw.a(stm32f10x_spi.o)
SPI_I2S_ITConfig                                  lib/STM32F10x_StdPeriph_Driver/libstm32fw.a(stm32f10x_spi.o)
SPI_I2S_ReceiveData                               lib/STM32F10x_StdPeriph_Driver/libstm32fw.a(stm32f10x_spi.o)
SPI_I2S_SendData                                  lib/STM32F10x_StdPeriph_Driver/libstm32fw.a(stm32f10x_spi.o)
SPI_Init                                          lib/STM32F10x_StdPeriph_Driver/libstm32fw.a(stm32f10x_spi.o)
                                                  thinnerclient.o
SPI_InitStructure                                 thinnerclient.o
SPI_NSSInternalSoftwareConfig                     lib/STM32F10x_StdPeriph_Driver/libstm32fw.a(stm32f10x_spi.o)
SPI_SSOutputCmd                                   lib/STM32F10x_StdPeriph_Driver/libstm32fw.a(stm32f10x_spi.o)
SPI_StructInit                                    lib/STM32F10x_StdPeriph_Driver/libstm32fw.a(stm32f10x_spi.o)
SPI_TransmitCRC                                   lib/STM32F10x_StdPeriph_Driver/libstm32fw.a(stm32f10x_spi.o)
SVC_Handler                                       interrupts.o
SysTick_CLKSourceConfig                           lib/STM32F10x_StdPeriph_Driver/libstm32fw.a(misc.o)
SysTick_Handler                                   interrupts.o
SystemFrequency                                   lib/CMSIS_CM3/system_stm32f10x.o
SystemFrequency_AHBClk                            lib/CMSIS_CM3/system_stm32f10x.o
SystemFrequency_APB1Clk                           lib/CMSIS_CM3/system_stm32f10x.o
SystemFrequency_APB2Clk                           lib/CMSIS_CM3/system_stm32f10x.o
SystemFrequency_SysClk                            lib/CMSIS_CM3/system_stm32f10x.o
SystemInit                                        lib/CMSIS_CM3/system_stm32f10x.o
SystemInit_ExtMemCtl_Dummy                        lib/CMSIS_CM3/startup/gcc/startup_stm32f10x_md.o
TAMPER_IRQHandler                                 lib/CMSIS_CM3/startup/gcc/startup_stm32f10x_md.o
TIM1_BRK_IRQHandler                               lib/CMSIS_CM3/startup/gcc/startup_stm32f10x_md.o
TIM1_CC_IRQHandler                                lib/CMSIS_CM3/startup/gcc/startup_stm32f10x_md.o
TIM1_TRG_COM_IRQHandler                           lib/CMSIS_CM3/startup/gcc/startup_stm32f10x_md.o
TIM1_UP_IRQHandler                                lib/CMSIS_CM3/startup/gcc/startup_stm32f10x_md.o
TIM2_IRQHandler                                   thinnerclient.o
                                                  lib/CMSIS_CM3/startup/gcc/startup_stm32f10x_md.o
TIM3_IRQHandler                                   lib/CMSIS_CM3/startup/gcc/startup_stm32f10x_md.o
TIM4_IRQHandler                                   lib/CMSIS_CM3/startup/gcc/startup_stm32f10x_md.o
TIM_ARRPreloadConfig                              lib/STM32F10x_StdPeriph_Driver/libstm32fw.a(stm32f10x_tim.o)
TIM_BDTRConfig                                    lib/STM32F10x_StdPeriph_Driver/libstm32fw.a(stm32f10x_tim.o)
TIM_BDTRStructInit                                lib/STM32F10x_StdPeriph_Driver/libstm32fw.a(stm32f10x_tim.o)
TIM_CCPreloadControl                              lib/STM32F10x_StdPeriph_Driver/libstm32fw.a(stm32f10x_tim.o)
TIM_CCxCmd                                        lib/STM32F10x_StdPeriph_Driver/libstm32fw.a(stm32f10x_tim.o)
TIM_CCxNCmd                                       lib/STM32F10x_StdPeriph_Driver/libstm32fw.a(stm32f10x_tim.o)
TIM_ClearFlag                                     lib/STM32F10x_StdPeriph_Driver/libstm32fw.a(stm32f10x_tim.o)
TIM_ClearITPendingBit                             lib/STM32F10x_StdPeriph_Driver/libstm32fw.a(stm32f10x_tim.o)
                                                  thinnerclient.o
TIM_ClearOC1Ref                                   lib/STM32F10x_StdPeriph_Driver/libstm32fw.a(stm32f10x_tim.o)
TIM_ClearOC2Ref                                   lib/STM32F10x_StdPeriph_Driver/libstm32fw.a(stm32f10x_tim.o)
TIM_ClearOC3Ref                                   lib/STM32F10x_StdPeriph_Driver/libstm32fw.a(stm32f10x_tim.o)
TIM_ClearOC4Ref                                   lib/STM32F10x_StdPeriph_Driver/libstm32fw.a(stm32f10x_tim.o)
TIM_Cmd                                           lib/STM32F10x_StdPeriph_Driver/libstm32fw.a(stm32f10x_tim.o)
                                                  thinnerclient.o
TIM_Config                                        thinnerclient.o
TIM_CounterModeConfig                             lib/STM32F10x_StdPeriph_Driver/libstm32fw.a(stm32f10x_tim.o)
TIM_CtrlPWMOutputs                                lib/STM32F10x_StdPeriph_Driver/libstm32fw.a(stm32f10x_tim.o)
TIM_DMACmd                                        lib/STM32F10x_StdPeriph_Driver/libstm32fw.a(stm32f10x_tim.o)
TIM_DMAConfig                                     lib/STM32F10x_StdPeriph_Driver/libstm32fw.a(stm32f10x_tim.o)
TIM_DeInit                                        lib/STM32F10x_StdPeriph_Driver/libstm32fw.a(stm32f10x_tim.o)
TIM_ETRClockMode1Config                           lib/STM32F10x_StdPeriph_Driver/libstm32fw.a(stm32f10x_tim.o)
TIM_ETRClockMode2Config                           lib/STM32F10x_StdPeriph_Driver/libstm32fw.a(stm32f10x_tim.o)
TIM_ETRConfig                                     lib/STM32F10x_StdPeriph_Driver/libstm32fw.a(stm32f10x_tim.o)
TIM_EncoderInterfaceConfig                        lib/STM32F10x_StdPeriph_Driver/libstm32fw.a(stm32f10x_tim.o)
TIM_ForcedOC1Config                               lib/STM32F10x_StdPeriph_Driver/libstm32fw.a(stm32f10x_tim.o)
TIM_ForcedOC2Config                               lib/STM32F10x_StdPeriph_Driver/libstm32fw.a(stm32f10x_tim.o)
TIM_ForcedOC3Config                               lib/STM32F10x_StdPeriph_Driver/libstm32fw.a(stm32f10x_tim.o)
TIM_ForcedOC4Config                               lib/STM32F10x_StdPeriph_Driver/libstm32fw.a(stm32f10x_tim.o)
TIM_GenerateEvent                                 lib/STM32F10x_StdPeriph_Driver/libstm32fw.a(stm32f10x_tim.o)
TIM_GetCapture1                                   lib/STM32F10x_StdPeriph_Driver/libstm32fw.a(stm32f10x_tim.o)
TIM_GetCapture2                                   lib/STM32F10x_StdPeriph_Driver/libstm32fw.a(stm32f10x_tim.o)
TIM_GetCapture3                                   lib/STM32F10x_StdPeriph_Driver/libstm32fw.a(stm32f10x_tim.o)
TIM_GetCapture4                                   lib/STM32F10x_StdPeriph_Driver/libstm32fw.a(stm32f10x_tim.o)
TIM_GetCounter                                    lib/STM32F10x_StdPeriph_Driver/libstm32fw.a(stm32f10x_tim.o)
TIM_GetFlagStatus                                 lib/STM32F10x_StdPeriph_Driver/libstm32fw.a(stm32f10x_tim.o)
TIM_GetITStatus                                   lib/STM32F10x_StdPeriph_Driver/libstm32fw.a(stm32f10x_tim.o)
TIM_GetPrescaler                                  lib/STM32F10x_StdPeriph_Driver/libstm32fw.a(stm32f10x_tim.o)
TIM_ICInit                                        lib/STM32F10x_StdPeriph_Driver/libstm32fw.a(stm32f10x_tim.o)
TIM_ICStructInit                                  lib/STM32F10x_StdPeriph_Driver/libstm32fw.a(stm32f10x_tim.o)
TIM_ITConfig                                      lib/STM32F10x_StdPeriph_Driver/libstm32fw.a(stm32f10x_tim.o)
                                                  thinnerclient.o
TIM_ITRxExternalClockConfig                       lib/STM32F10x_StdPeriph_Driver/libstm32fw.a(stm32f10x_tim.o)
TIM_InternalClockConfig                           lib/STM32F10x_StdPeriph_Driver/libstm32fw.a(stm32f10x_tim.o)
TIM_OC1FastConfig                                 lib/STM32F10x_StdPeriph_Driver/libstm32fw.a(stm32f10x_tim.o)
TIM_OC1Init                                       lib/STM32F10x_StdPeriph_Driver/libstm32fw.a(stm32f10x_tim.o)
                                                  thinnerclient.o
TIM_OC1NPolarityConfig                            lib/STM32F10x_StdPeriph_Driver/libstm32fw.a(stm32f10x_tim.o)
TIM_OC1PolarityConfig                             lib/STM32F10x_StdPeriph_Driver/libstm32fw.a(stm32f10x_tim.o)
TIM_OC1PreloadConfig                              lib/STM32F10x_StdPeriph_Driver/libstm32fw.a(stm32f10x_tim.o)
                                                  thinnerclient.o
TIM_OC2FastConfig                                 lib/STM32F10x_StdPeriph_Driver/libstm32fw.a(stm32f10x_tim.o)
TIM_OC2Init                                       lib/STM32F10x_StdPeriph_Driver/libstm32fw.a(stm32f10x_tim.o)
                                                  thinnerclient.o
TIM_OC2NPolarityConfig                            lib/STM32F10x_StdPeriph_Driver/libstm32fw.a(stm32f10x_tim.o)
TIM_OC2PolarityConfig                             lib/STM32F10x_StdPeriph_Driver/libstm32fw.a(stm32f10x_tim.o)
TIM_OC2PreloadConfig                              lib/STM32F10x_StdPeriph_Driver/libstm32fw.a(stm32f10x_tim.o)
                                                  thinnerclient.o
TIM_OC3FastConfig                                 lib/STM32F10x_StdPeriph_Driver/libstm32fw.a(stm32f10x_tim.o)
TIM_OC3Init                                       lib/STM32F10x_StdPeriph_Driver/libstm32fw.a(stm32f10x_tim.o)
TIM_OC3NPolarityConfig                            lib/STM32F10x_StdPeriph_Driver/libstm32fw.a(stm32f10x_tim.o)
TIM_OC3PolarityConfig                             lib/STM32F10x_StdPeriph_Driver/libstm32fw.a(stm32f10x_tim.o)
TIM_OC3PreloadConfig                              lib/STM32F10x_StdPeriph_Driver/libstm32fw.a(stm32f10x_tim.o)
TIM_OC4FastConfig                                 lib/STM32F10x_StdPeriph_Driver/libstm32fw.a(stm32f10x_tim.o)
TIM_OC4Init                                       lib/STM32F10x_StdPeriph_Driver/libstm32fw.a(stm32f10x_tim.o)
TIM_OC4PolarityConfig                             lib/STM32F10x_StdPeriph_Driver/libstm32fw.a(stm32f10x_tim.o)
TIM_OC4PreloadConfig                              lib/STM32F10x_StdPeriph_Driver/libstm32fw.a(stm32f10x_tim.o)
TIM_OCInitStructure                               thinnerclient.o
TIM_OCStructInit                                  lib/STM32F10x_StdPeriph_Driver/libstm32fw.a(stm32f10x_tim.o)
TIM_PWMIConfig                                    lib/STM32F10x_StdPeriph_Driver/libstm32fw.a(stm32f10x_tim.o)
TIM_PrescalerConfig                               lib/STM32F10x_StdPeriph_Driver/libstm32fw.a(stm32f10x_tim.o)
TIM_SelectCCDMA                                   lib/STM32F10x_StdPeriph_Driver/libstm32fw.a(stm32f10x_tim.o)
TIM_SelectCOM                                     lib/STM32F10x_StdPeriph_Driver/libstm32fw.a(stm32f10x_tim.o)
TIM_SelectHallSensor                              lib/STM32F10x_StdPeriph_Driver/libstm32fw.a(stm32f10x_tim.o)
TIM_SelectInputTrigger                            lib/STM32F10x_StdPeriph_Driver/libstm32fw.a(stm32f10x_tim.o)
TIM_SelectMasterSlaveMode                         lib/STM32F10x_StdPeriph_Driver/libstm32fw.a(stm32f10x_tim.o)
TIM_SelectOCxM                                    lib/STM32F10x_StdPeriph_Driver/libstm32fw.a(stm32f10x_tim.o)
TIM_SelectOnePulseMode                            lib/STM32F10x_StdPeriph_Driver/libstm32fw.a(stm32f10x_tim.o)
TIM_SelectOutputTrigger                           lib/STM32F10x_StdPeriph_Driver/libstm32fw.a(stm32f10x_tim.o)
TIM_SelectSlaveMode                               lib/STM32F10x_StdPeriph_Driver/libstm32fw.a(stm32f10x_tim.o)
TIM_SetAutoreload                                 lib/STM32F10x_StdPeriph_Driver/libstm32fw.a(stm32f10x_tim.o)
TIM_SetClockDivision                              lib/STM32F10x_StdPeriph_Driver/libstm32fw.a(stm32f10x_tim.o)
TIM_SetCompare1                                   lib/STM32F10x_StdPeriph_Driver/libstm32fw.a(stm32f10x_tim.o)
TIM_SetCompare2                                   lib/STM32F10x_StdPeriph_Driver/libstm32fw.a(stm32f10x_tim.o)
                                                  thinnerclient.o
TIM_SetCompare3                                   lib/STM32F10x_StdPeriph_Driver/libstm32fw.a(stm32f10x_tim.o)
TIM_SetCompare4                                   lib/STM32F10x_StdPeriph_Driver/libstm32fw.a(stm32f10x_tim.o)
TIM_SetCounter                                    lib/STM32F10x_StdPeriph_Driver/libstm32fw.a(stm32f10x_tim.o)
TIM_SetIC1Prescaler                               lib/STM32F10x_StdPeriph_Driver/libstm32fw.a(stm32f10x_tim.o)
TIM_SetIC2Prescaler                               lib/STM32F10x_StdPeriph_Driver/libstm32fw.a(stm32f10x_tim.o)
TIM_SetIC3Prescaler                               lib/STM32F10x_StdPeriph_Driver/libstm32fw.a(stm32f10x_tim.o)
TIM_SetIC4Prescaler                               lib/STM32F10x_StdPeriph_Driver/libstm32fw.a(stm32f10x_tim.o)
TIM_TIxExternalClockConfig                        lib/STM32F10x_StdPeriph_Driver/libstm32fw.a(stm32f10x_tim.o)
TIM_TimeBaseInit                                  lib/STM32F10x_StdPeriph_Driver/libstm32fw.a(stm32f10x_tim.o)
                                                  thinnerclient.o
TIM_TimeBaseStructInit                            lib/STM32F10x_StdPeriph_Driver/libstm32fw.a(stm32f10x_tim.o)
TIM_TimeBaseStructure                             thinnerclient.o
TIM_UpdateDisableConfig                           lib/STM32F10x_StdPeriph_Driver/libstm32fw.a(stm32f10x_tim.o)
TIM_UpdateRequestConfig                           lib/STM32F10x_StdPeriph_Driver/libstm32fw.a(stm32f10x_tim.o)
USART1_IRQHandler                                 thinnerclient.o
                                                  lib/CMSIS_CM3/startup/gcc/startup_stm32f10x_md.o
USART2_IRQHandler                                 lib/CMSIS_CM3/startup/gcc/startup_stm32f10x_md.o
USART3_IRQHandler                                 lib/CMSIS_CM3/startup/gcc/startup_stm32f10x_md.o
USART_ClearFlag                                   lib/STM32F10x_StdPeriph_Driver/libstm32fw.a(stm32f10x_usart.o)
                                                  thinnerclient.o
USART_ClearITPendingBit                           lib/STM32F10x_StdPeriph_Driver/libstm32fw.a(stm32f10x_usart.o)
USART_ClockInit                                   lib/STM32F10x_StdPeriph_Driver/libstm32fw.a(stm32f10x_usart.o)
USART_ClockStructInit                             lib/STM32F10x_StdPeriph_Driver/libstm32fw.a(stm32f10x_usart.o)
USART_Cmd                                         lib/STM32F10x_StdPeriph_Driver/libstm32fw.a(stm32f10x_usart.o)
                                                  thinnerclient.o
USART_Config                                      thinnerclient.o
USART_DMACmd                                      lib/STM32F10x_StdPeriph_Driver/libstm32fw.a(stm32f10x_usart.o)
USART_DeInit                                      lib/STM32F10x_StdPeriph_Driver/libstm32fw.a(stm32f10x_usart.o)
USART_GetFlagStatus                               lib/STM32F10x_StdPeriph_Driver/libstm32fw.a(stm32f10x_usart.o)
                                                  terminal.o
                                                  main.o
USART_GetITStatus                                 lib/STM32F10x_StdPeriph_Driver/libstm32fw.a(stm32f10x_usart.o)
                                                  thinnerclient.o
USART_HalfDuplexCmd                               lib/STM32F10x_StdPeriph_Driver/libstm32fw.a(stm32f10x_usart.o)
USART_ITConfig                                    lib/STM32F10x_StdPeriph_Driver/libstm32fw.a(stm32f10x_usart.o)
                                                  thinnerclient.o
USART_Init                                        lib/STM32F10x_StdPeriph_Driver/libstm32fw.a(stm32f10x_usart.o)
                                                  thinnerclient.o
                                                  terminal.o
USART_InitStructure                               thinnerclient.o
                                                  terminal.o
USART_IrDACmd                                     lib/STM32F10x_StdPeriph_Driver/libstm32fw.a(stm32f10x_usart.o)
USART_IrDAConfig                                  lib/STM32F10x_StdPeriph_Driver/libstm32fw.a(stm32f10x_usart.o)
USART_LINBreakDetectLengthConfig                  lib/STM32F10x_StdPeriph_Driver/libstm32fw.a(stm32f10x_usart.o)
USART_LINCmd                                      lib/STM32F10x_StdPeriph_Driver/libstm32fw.a(stm32f10x_usart.o)
USART_ReceiveData                                 lib/STM32F10x_StdPeriph_Driver/libstm32fw.a(stm32f10x_usart.o)
                                                  thinnerclient.o
USART_ReceiverWakeUpCmd                           lib/STM32F10x_StdPeriph_Driver/libstm32fw.a(stm32f10x_usart.o)
USART_SendBreak                                   lib/STM32F10x_StdPeriph_Driver/libstm32fw.a(stm32f10x_usart.o)
USART_SendData                                    lib/STM32F10x_StdPeriph_Driver/libstm32fw.a(stm32f10x_usart.o)
                                                  terminal.o
USART_SetAddress                                  lib/STM32F10x_StdPeriph_Driver/libstm32fw.a(stm32f10x_usart.o)
USART_SetGuardTime                                lib/STM32F10x_StdPeriph_Driver/libstm32fw.a(stm32f10x_usart.o)
USART_SetPrescaler                                lib/STM32F10x_StdPeriph_Driver/libstm32fw.a(stm32f10x_usart.o)
USART_SmartCardCmd                                lib/STM32F10x_StdPeriph_Driver/libstm32fw.a(stm32f10x_usart.o)
USART_SmartCardNACKCmd                            lib/STM32F10x_StdPeriph_Driver/libstm32fw.a(stm32f10x_usart.o)
USART_StructInit                                  lib/STM32F10x_StdPeriph_Driver/libstm32fw.a(stm32f10x_usart.o)
USART_WakeUpConfig                                lib/STM32F10x_StdPeriph_Driver/libstm32fw.a(stm32f10x_usart.o)
USBWakeUp_IRQHandler                              lib/CMSIS_CM3/startup/gcc/startup_stm32f10x_md.o
USB_HP_CAN1_TX_IRQHandler                         lib/CMSIS_CM3/startup/gcc/startup_stm32f10x_md.o
USB_LP_CAN1_RX0_IRQHandler                        lib/CMSIS_CM3/startup/gcc/startup_stm32f10x_md.o
UsageFault_Handler                                interrupts.o
WWDG_IRQHandler                                   lib/CMSIS_CM3/startup/gcc/startup_stm32f10x_md.o
_Jv_RegisterClasses                               /arm/bin/../lib/gcc/arm-none-eabi/4.4.1/thumb2/crtbegin.o
__LDREXB                                          lib/CMSIS_CM3/core_cm3.o
__LDREXH                                          lib/CMSIS_CM3/core_cm3.o
__LDREXW                                          lib/CMSIS_CM3/core_cm3.o
__RBIT                                            lib/CMSIS_CM3/core_cm3.o
__REV                                             lib/CMSIS_CM3/core_cm3.o
__REV16                                           lib/CMSIS_CM3/core_cm3.o
__REVSH                                           lib/CMSIS_CM3/core_cm3.o
__STREXB                                          lib/CMSIS_CM3/core_cm3.o
__STREXH                                          lib/CMSIS_CM3/core_cm3.o
__STREXW                                          lib/CMSIS_CM3/core_cm3.o
__aeabi_idiv0                                     /arm/bin/../lib/gcc/arm-none-eabi/4.4.1/thumb2/libgcc.a(_dvmd_tls.o)
                                                  /arm/bin/../lib/gcc/arm-none-eabi/4.4.1/thumb2/libgcc.a(_udivsi3.o)
__aeabi_ldiv0                                     /arm/bin/../lib/gcc/arm-none-eabi/4.4.1/thumb2/libgcc.a(_dvmd_tls.o)
__aeabi_uidiv                                     /arm/bin/../lib/gcc/arm-none-eabi/4.4.1/thumb2/libgcc.a(_udivsi3.o)
                                                  /arm/bin/../lib/gcc/arm-none-eabi/4.4.1/../../../../arm-none-eabi/lib/thumb2/libc.a(lib_a-strtol.o)
__aeabi_uidivmod                                  /arm/bin/../lib/gcc/arm-none-eabi/4.4.1/thumb2/libgcc.a(_udivsi3.o)
                                                  /arm/bin/../lib/gcc/arm-none-eabi/4.4.1/../../../../arm-none-eabi/lib/thumb2/libc.a(lib_a-strtol.o)
__ctype_ptr                                       /arm/bin/../lib/gcc/arm-none-eabi/4.4.1/../../../../arm-none-eabi/lib/thumb2/libc.a(lib_a-ctype_.o)
__ctype_ptr__                                     /arm/bin/../lib/gcc/arm-none-eabi/4.4.1/../../../../arm-none-eabi/lib/thumb2/libc.a(lib_a-ctype_.o)
                                                  /arm/bin/../lib/gcc/arm-none-eabi/4.4.1/../../../../arm-none-eabi/lib/thumb2/libc.a(lib_a-strtol.o)
__dso_handle                                      /arm/bin/../lib/gcc/arm-none-eabi/4.4.1/thumb2/crtbegin.o
__get_BASEPRI                                     lib/CMSIS_CM3/core_cm3.o
__get_CONTROL                                     lib/CMSIS_CM3/core_cm3.o
__get_FAULTMASK                                   lib/CMSIS_CM3/core_cm3.o
__get_MSP                                         lib/CMSIS_CM3/core_cm3.o
__get_PRIMASK                                     lib/CMSIS_CM3/core_cm3.o
__get_PSP                                         lib/CMSIS_CM3/core_cm3.o
__set_BASEPRI                                     lib/CMSIS_CM3/core_cm3.o
__set_CONTROL                                     lib/CMSIS_CM3/core_cm3.o
__set_FAULTMASK                                   lib/CMSIS_CM3/core_cm3.o
__set_MSP                                         lib/CMSIS_CM3/core_cm3.o
__set_PRIMASK                                     lib/CMSIS_CM3/core_cm3.o
__set_PSP                                         lib/CMSIS_CM3/core_cm3.o
__sf_fake_stderr                                  /arm/bin/../lib/gcc/arm-none-eabi/4.4.1/../../../../arm-none-eabi/lib/thumb2/libc.a(lib_a-impure.o)
__sf_fake_stdin                                   /arm/bin/../lib/gcc/arm-none-eabi/4.4.1/../../../../arm-none-eabi/lib/thumb2/libc.a(lib_a-impure.o)
__sf_fake_stdout                                  /arm/bin/../lib/gcc/arm-none-eabi/4.4.1/../../../../arm-none-eabi/lib/thumb2/libc.a(lib_a-impure.o)
__udivsi3                                         /arm/bin/../lib/gcc/arm-none-eabi/4.4.1/thumb2/libgcc.a(_udivsi3.o)
_atoi_r                                           /arm/bin/../lib/gcc/arm-none-eabi/4.4.1/../../../../arm-none-eabi/lib/thumb2/libc.a(lib_a-atoi.o)
_ctype_                                           /arm/bin/../lib/gcc/arm-none-eabi/4.4.1/../../../../arm-none-eabi/lib/thumb2/libc.a(lib_a-ctype_.o)
_ebss                                             lib/CMSIS_CM3/startup/gcc/startup_stm32f10x_md.o
_edata                                            lib/CMSIS_CM3/startup/gcc/startup_stm32f10x_md.o
_estack                                           lib/CMSIS_CM3/startup/gcc/startup_stm32f10x_md.o
_fini                                             /arm/bin/../lib/gcc/arm-none-eabi/4.4.1/thumb2/crti.o
_global_impure_ptr                                /arm/bin/../lib/gcc/arm-none-eabi/4.4.1/../../../../arm-none-eabi/lib/thumb2/libc.a(lib_a-impure.o)
_impure_ptr                                       /arm/bin/../lib/gcc/arm-none-eabi/4.4.1/../../../../arm-none-eabi/lib/thumb2/libc.a(lib_a-impure.o)
                                                  /arm/bin/../lib/gcc/arm-none-eabi/4.4.1/../../../../arm-none-eabi/lib/thumb2/libc.a(lib_a-strtol.o)
_init                                             /arm/bin/../lib/gcc/arm-none-eabi/4.4.1/thumb2/crti.o
_sbss                                             lib/CMSIS_CM3/startup/gcc/startup_stm32f10x_md.o
_sdata                                            lib/CMSIS_CM3/startup/gcc/startup_stm32f10x_md.o
_sidata                                           lib/CMSIS_CM3/startup/gcc/startup_stm32f10x_md.o
_strtol_r                                         /arm/bin/../lib/gcc/arm-none-eabi/4.4.1/../../../../arm-none-eabi/lib/thumb2/libc.a(lib_a-strtol.o)
                                                  /arm/bin/../lib/gcc/arm-none-eabi/4.4.1/../../../../arm-none-eabi/lib/thumb2/libc.a(lib_a-atoi.o)
_video_deletechar                                 video.o
_video_deleteline                                 video.o
_video_insertchar                                 video.o
_video_insertline                                 video.o
app_handle_key                                    terminal.o
                                                  main.o
app_setup                                         terminal.o
                                                  main.o
apply_config                                      terminal.o
atoi                                              /arm/bin/../lib/gcc/arm-none-eabi/4.4.1/../../../../arm-none-eabi/lib/thumb2/libc.a(lib_a-atoi.o)
                                                  terminal.o
buf                                               thinnerclient.o
buf_clear                                         thinnerclient.o
buf_dequeue                                       thinnerclient.o
                                                  main.o
buf_enqueue                                       thinnerclient.o
buf_size                                          thinnerclient.o
buffer_get_key                                    thinnerclient.o
                                                  main.o
bufhead                                           thinnerclient.o
                                                  main.o
bufsize                                           thinnerclient.o
buftail                                           thinnerclient.o
                                                  main.o
cfg_param_name                                    termconfig.o
cfg_param_value                                   termconfig.o
                                                  terminal.o
cfg_param_value_str                               termconfig.o
cfg_print_line                                    termconfig.o
cfg_set_defaults                                  termconfig.o
                                                  terminal.o
charCounter                                       thinnerclient.o
charbuf                                           thinnerclient.o
charbufhead                                       thinnerclient.o
charbufsize                                       thinnerclient.o
charbuftail                                       thinnerclient.o
codetable                                         thinnerclient.o
codetable_extended                                thinnerclient.o
codetable_shifted                                 thinnerclient.o
decode                                            thinnerclient.o
escseq_csi_start                                  terminal.o
escseq_get_param                                  terminal.o
escseq_process                                    terminal.o
escseq_process_csi                                terminal.o
escseq_process_noncsi                             terminal.o
fillFrameBuffer                                   thinnerclient.o
filltileMap                                       video.o
frameBuffer                                       video.o
                                                  thinnerclient.o
g_pfnVectors                                      lib/CMSIS_CM3/startup/gcc/startup_stm32f10x_md.o
key_buf_size                                      thinnerclient.o
                                                  main.o
lineCount                                         thinnerclient.o
main                                              main.o
                                                  lib/CMSIS_CM3/startup/gcc/startup_stm32f10x_md.o
memcpy                                            /arm/bin/../lib/gcc/arm-none-eabi/4.4.1/../../../../arm-none-eabi/lib/thumb2/libc.a(lib_a-memcpy.o)
                                                  video.o
memmove                                           /arm/bin/../lib/gcc/arm-none-eabi/4.4.1/../../../../arm-none-eabi/lib/thumb2/libc.a(lib_a-memmove.o)
                                                  video.o
memset                                            /arm/bin/../lib/gcc/arm-none-eabi/4.4.1/../../../../arm-none-eabi/lib/thumb2/libc.a(lib_a-memset.o)
                                                  video.o
overclockSystemInit                               thinnerclient.o
p_baudrate                                        termconfig.o
p_databits                                        termconfig.o
p_enterchar                                       termconfig.o
p_escseqs                                         termconfig.o
p_localecho                                       termconfig.o
p_parity                                          termconfig.o
p_revvideo                                        termconfig.o
p_stopbits                                        termconfig.o
puthex                                            video.o
receive_char                                      terminal.o
                                                  main.o
reset_term                                        terminal.o
restore_term_state                                terminal.o
save_term_state                                   terminal.o
send_newline                                      terminal.o
send_special_key                                  terminal.o
setup_handle_key                                  termconfig.o
                                                  terminal.o
setup_leave                                       termconfig.o
                                                  terminal.o
setup_redraw                                      termconfig.o
setup_start                                       termconfig.o
                                                  terminal.o
sprinthex                                         video.o
strchr                                            /arm/bin/../lib/gcc/arm-none-eabi/4.4.1/../../../../arm-none-eabi/lib/thumb2/libc.a(lib_a-strchr.o)
                                                  terminal.o
strlen                                            /arm/bin/../lib/gcc/arm-none-eabi/4.4.1/../../../../arm-none-eabi/lib/thumb2/libc.a(lib_a-strlen.o)
                                                  video.o
strncpy                                           /arm/bin/../lib/gcc/arm-none-eabi/4.4.1/../../../../arm-none-eabi/lib/thumb2/libc.a(lib_a-strncpy.o)
                                                  video.o
strtol                                            /arm/bin/../lib/gcc/arm-none-eabi/4.4.1/../../../../arm-none-eabi/lib/thumb2/libc.a(lib_a-strtol.o)
                                                  /arm/bin/../lib/gcc/arm-none-eabi/4.4.1/../../../../arm-none-eabi/lib/thumb2/libc.a(lib_a-atoi.o)
thinnerClientSetup                                thinnerclient.o
                                                  main.o
tileMap                                           video.o
                                                  main.o
uart_putchar                                      terminal.o
uart_update                                       terminal.o
updateFrameBuffer                                 video.o
                                                  main.o
video_bottom_margin                               video.o
                                                  terminal.o
video_cback                                       video.o
                                                  terminal.o
video_cfwd                                        video.o
video_charat                                      video.o
video_clreol                                      video.o
video_clrline                                     video.o
                                                  termconfig.o
video_clrscr                                      video.o
                                                  terminal.o
                                                  termconfig.o
video_cursor_visible                              video.o
video_deletechar                                  video.o
                                                  terminal.o
video_deleteline                                  video.o
                                                  terminal.o
video_erase                                       video.o
                                                  terminal.o
video_eraseline                                   video.o
                                                  terminal.o
video_getx                                        video.o
                                                  terminal.o
video_gety                                        video.o
                                                  terminal.o
                                                  termconfig.o
video_gotoxy                                      video.o
                                                  terminal.o
                                                  termconfig.o
video_hide_cursor                                 video.o
                                                  termconfig.o
video_insertchar                                  video.o
                                                  terminal.o
video_insertline                                  video.o
                                                  terminal.o
video_invert_range                                video.o
                                                  termconfig.o
video_lback                                       video.o
video_lf                                          video.o
                                                  terminal.o
video_lfwd                                        video.o
                                                  terminal.o
                                                  termconfig.o
video_movesol                                     video.o
                                                  terminal.o